Archive member included to satisfy reference by file (symbol)

/usr/lib/gcc/arm-none-eabi/14.2.0/thumb/v6-m/nofp/libgcc.a(_thumb1_case_sqi.o)
                              /tmp/ccsnO2gZ.ltrans0.ltrans.o (__gnu_thumb1_case_sqi)
/usr/lib/gcc/arm-none-eabi/14.2.0/thumb/v6-m/nofp/libgcc.a(_thumb1_case_uqi.o)
                              /tmp/ccsnO2gZ.ltrans0.ltrans.o (__gnu_thumb1_case_uqi)
/usr/lib/gcc/arm-none-eabi/14.2.0/thumb/v6-m/nofp/libgcc.a(_thumb1_case_shi.o)
                              /tmp/ccsnO2gZ.ltrans0.ltrans.o (__gnu_thumb1_case_shi)
/usr/lib/gcc/arm-none-eabi/14.2.0/thumb/v6-m/nofp/libgcc.a(_thumb1_case_uhi.o)
                              /tmp/ccsnO2gZ.ltrans0.ltrans.o (__gnu_thumb1_case_uhi)
/usr/lib/gcc/arm-none-eabi/14.2.0/thumb/v6-m/nofp/libgcc.a(_udivsi3.o)
                              /tmp/ccsnO2gZ.ltrans0.ltrans.o (__aeabi_uidiv)
/usr/lib/gcc/arm-none-eabi/14.2.0/thumb/v6-m/nofp/libgcc.a(_divsi3.o)
                              /tmp/ccsnO2gZ.ltrans0.ltrans.o (__aeabi_idiv)
/usr/lib/gcc/arm-none-eabi/14.2.0/thumb/v6-m/nofp/libgcc.a(_dvmd_tls.o)
                              /usr/lib/gcc/arm-none-eabi/14.2.0/thumb/v6-m/nofp/libgcc.a(_udivsi3.o) (__aeabi_idiv0)
/usr/lib/gcc/arm-none-eabi/14.2.0/thumb/v6-m/nofp/libgcc.a(_aeabi_ldivmod.o)
                              /tmp/ccsnO2gZ.ltrans0.ltrans.o (__aeabi_ldivmod)
/usr/lib/gcc/arm-none-eabi/14.2.0/thumb/v6-m/nofp/libgcc.a(_muldi3.o)
                              /tmp/ccsnO2gZ.ltrans0.ltrans.o (__aeabi_lmul)
/usr/lib/gcc/arm-none-eabi/14.2.0/thumb/v6-m/nofp/libgcc.a(bpabi.o)
                              /usr/lib/gcc/arm-none-eabi/14.2.0/thumb/v6-m/nofp/libgcc.a(_aeabi_ldivmod.o) (__gnu_ldivmod_helper)
/usr/lib/gcc/arm-none-eabi/14.2.0/thumb/v6-m/nofp/libgcc.a(_divdi3.o)
                              /usr/lib/gcc/arm-none-eabi/14.2.0/thumb/v6-m/nofp/libgcc.a(bpabi.o) (__divdi3)
/usr/lib/gcc/arm-none-eabi/14.2.0/thumb/v6-m/nofp/libgcc.a(_lshrdi3.o)
                              /usr/lib/gcc/arm-none-eabi/14.2.0/thumb/v6-m/nofp/libgcc.a(_divdi3.o) (__aeabi_llsr)
/usr/lib/gcc/arm-none-eabi/14.2.0/thumb/v6-m/nofp/libgcc.a(_ashldi3.o)
                              /usr/lib/gcc/arm-none-eabi/14.2.0/thumb/v6-m/nofp/libgcc.a(_divdi3.o) (__aeabi_llsl)
/usr/lib/gcc/arm-none-eabi/14.2.0/thumb/v6-m/nofp/libgcc.a(_clzdi2.o)
                              /usr/lib/gcc/arm-none-eabi/14.2.0/thumb/v6-m/nofp/libgcc.a(_divdi3.o) (__clzdi2)
/usr/lib/gcc/arm-none-eabi/14.2.0/thumb/v6-m/nofp/libgcc.a(_clzsi2.o)
                              /usr/lib/gcc/arm-none-eabi/14.2.0/thumb/v6-m/nofp/libgcc.a(_clzdi2.o) (__clzsi2)
/usr/lib/gcc/arm-none-eabi/14.2.0/../../../../arm-none-eabi/lib/thumb/v6-m/nofp/libc_nano.a(libc_a-memcmp.o)
                              /tmp/ccsnO2gZ.ltrans0.ltrans.o (memcmp)
/usr/lib/gcc/arm-none-eabi/14.2.0/../../../../arm-none-eabi/lib/thumb/v6-m/nofp/libc_nano.a(libc_a-memset.o)
                              /tmp/ccsnO2gZ.ltrans0.ltrans.o (memset)
/usr/lib/gcc/arm-none-eabi/14.2.0/../../../../arm-none-eabi/lib/thumb/v6-m/nofp/libc_nano.a(libc_a-strncpy.o)
                              /tmp/ccsnO2gZ.ltrans0.ltrans.o (strncpy)
/usr/lib/gcc/arm-none-eabi/14.2.0/../../../../arm-none-eabi/lib/thumb/v6-m/nofp/libc_nano.a(libc_a-strcpy.o)
                              /tmp/ccsnO2gZ.ltrans0.ltrans.o (strcpy)
/usr/lib/gcc/arm-none-eabi/14.2.0/../../../../arm-none-eabi/lib/thumb/v6-m/nofp/libc_nano.a(libc_a-memcpy-stub.o)
                              /tmp/ccsnO2gZ.ltrans0.ltrans.o (memcpy)
/usr/lib/gcc/arm-none-eabi/14.2.0/../../../../arm-none-eabi/lib/thumb/v6-m/nofp/libc_nano.a(libc_a-strlen.o)
                              /tmp/ccsnO2gZ.ltrans0.ltrans.o (strlen)

There are no discarded input sections

Memory Configuration

Name             Origin             Length             Attributes
FLASH            0x00000000         0x0000f000         xr
RAM              0x20000000         0x00004000         xrw
*default*        0x00000000         0xffffffff

Linker script and memory map

                0x20004000                        _estack = 0x20004000
                0x00000000                        _Min_Heap_Size = 0x0
                0x00000080                        _Min_Stack_Size = 0x80

.text           0x00000000     0xd704
                0x00000000                        . = ALIGN (0x4)
 *(.text.isr)
 .text.isr      0x00000000       0xc0 start.o
                0x00000000                Stack
 *(.text)
 .text          0x000000c0       0x60 start.o
                0x0000010a                HandlerReset
 .text          0x00000120     0x8c50 /tmp/ccsnO2gZ.ltrans0.ltrans.o
                0x00000120                _out_buffer.lto_priv.0
                0x00000128                _out_null.lto_priv.0
                0x00000904                BSS_Init
                0x0000091c                DATA_Init
                0x00000944                _ntoa_long.lto_priv.0
                0x00000b06                sprintf_
                0x00000d68                snprintf_
                0x00000d7e                BACKLIGHT_TurnOff
                0x00000da8                BACKLIGHT_TurnOn
                0x00000e0c                AUDIO_AudioPathOff
                0x00000e1c                BK4819_ReadRegister
                0x00000ed4                SYSTICK_DelayUs
                0x00000fc0                BK4819_WriteRegister
                0x0000135c                BK4819_InitAGC
                0x000013dc                BK4819_ToggleGpioOut
                0x00001608                BK4819_Sleep
                0x0000161e                BK4819_Conditional_RX_TurnOn_and_GPIO6_Enable
                0x0000163c                BK4819_GetCxCSSScanResult
                0x00001698                BK4819_SetScanFrequency
                0x000016ae                BK4819_PlayRoger
                0x000018c8                I2C_Stop
                0x00001928                I2C_Write
                0x00001b14                EEPROM_ReadBuffer
                0x00001df8                EEPROM_WriteBuffer
                0x00002140                KEYBOARD_Poll
                0x00002200                ST7565_BlitFullScreen
                0x00002268                ST7565_BlitStatusLine
                0x000022c4                ST7565_HardwareReset
                0x00002308                ST7565_Init
                0x00002404                ST7565_FillScreen
                0x00002464                UART_Send
                0x00002488                __NVIC_SystemReset.lto_priv.0.lto_priv.0
                0x00002488                __NVIC_SystemReset.lto_priv.2.lto_priv.0
                0x000024a4                UpdateRSSI.lto_priv.0
                0x000024c4                cancelUserInputModes
                0x0000250c                FM_Start
                0x00002604                ResetScanStats.lto_priv.0
                0x00002690                RemoveTrailZeros
                0x00002730                SCANNER_IsScanning
                0x00002750                SendReply.lto_priv.0
                0x000027dc                SendVersion.lto_priv.0
                0x00002810                BOARD_ADC_GetBatteryInfo
                0x00002850                BOARD_EEPROM_LoadCalibration
                0x0000295c                BOARD_fetchChannelFrequency
                0x0000296e                BOARD_EEPROM_Init
                0x00002b6c                DCS_GetCdcssCode
                0x00002bc8                DCS_GetCtcssCode
                0x00002bf4                FUNCTION_Init
                0x00002c38                FUNCTION_Select
                0x00002f44                CheckForIncoming.lto_priv.0
                0x00002f70                APP_StartListening
                0x000030fc                BATTERY_VoltsToPercent
                0x00003198                GetSLevelAttributes
                0x00003220                RADIO_CheckValidChannel
                0x0000347c                RADIO_SelectVfos
                0x00003494                RADIO_SetupRegisters
                0x00003874                RADIO_EnableCxCSS
                0x000038c0                SystickHandler
                0x00003a2c                SETTINGS_FetchChannelName
                0x00003bb4                RADIO_ConfigureChannel
                0x00004080                UI_DrawBattery
                0x000040d8                UI_DisplayBattery
                0x00004138                UI_PrintString
                0x000041c0                UI_PrintStringSmall
                0x000044d0                UI_PrintStringSmallBuffer
                0x0000450c                UI_DisplayFrequency
                0x000045a4                UI_DisplayPopup
                0x00004b10                GUI_DisplaySmallest
                0x0000502c                APP_RunSpectrum
                0x00006efc                INPUTBOX_GetAscii
                0x00006f24                UI_DisplayAudioBar
                0x00006fa8                UI_MENU_GetCurrentMenuId
                0x00007528                BATTERY_GetReadings
                0x00007618                UI_DisplayMenu
                0x00007d44                ProcessKey.lto_priv.0
 .text          0x00008d70     0x28e4 /tmp/ccsnO2gZ.ltrans1.ltrans.o
                0x00008d70                UI_MENU_IsAllowedToEdit
                0x00008d94                UI_DisplayStatus
                0x00008ec8                GUI_DisplayScreen
                0x00009474                GUI_SelectNextDisplay
                0x000094d8                APP_EndTransmission.constprop.0
                0x00009508                FormatFrequency.constprop.0
                0x00009540                DrawLevelBar.constprop.0
                0x000095ac                UI_GenerateChannelStringEx.constprop.0
                0x000095ec                BK4819_SetAGC.constprop.0
                0x0000960c                Main
                0x0000afe0                _vsnprintf.constprop.0
                0x0000b434                InitScan.isra.0
                0x0000b534                I2C_WriteBuffer.isra.0
                0x0000b556                I2C_ReadBuffer.part.0.isra.0
 .text          0x0000b654       0x14 /usr/lib/gcc/arm-none-eabi/14.2.0/thumb/v6-m/nofp/libgcc.a(_thumb1_case_sqi.o)
                0x0000b654                __gnu_thumb1_case_sqi
 .text          0x0000b668       0x14 /usr/lib/gcc/arm-none-eabi/14.2.0/thumb/v6-m/nofp/libgcc.a(_thumb1_case_uqi.o)
                0x0000b668                __gnu_thumb1_case_uqi
 .text          0x0000b67c       0x14 /usr/lib/gcc/arm-none-eabi/14.2.0/thumb/v6-m/nofp/libgcc.a(_thumb1_case_shi.o)
                0x0000b67c                __gnu_thumb1_case_shi
 .text          0x0000b690       0x14 /usr/lib/gcc/arm-none-eabi/14.2.0/thumb/v6-m/nofp/libgcc.a(_thumb1_case_uhi.o)
                0x0000b690                __gnu_thumb1_case_uhi
 .text          0x0000b6a4       0x8c /usr/lib/gcc/arm-none-eabi/14.2.0/thumb/v6-m/nofp/libgcc.a(_udivsi3.o)
                0x0000b6a4                __udivsi3
                0x0000b6a4                __aeabi_uidiv
                0x0000b71c                __aeabi_uidivmod
 .text          0x0000b730       0xa8 /usr/lib/gcc/arm-none-eabi/14.2.0/thumb/v6-m/nofp/libgcc.a(_divsi3.o)
                0x0000b730                __aeabi_idiv
                0x0000b730                __divsi3
                0x0000b7c4                __aeabi_idivmod
 .text          0x0000b7d8        0x4 /usr/lib/gcc/arm-none-eabi/14.2.0/thumb/v6-m/nofp/libgcc.a(_dvmd_tls.o)
                0x0000b7d8                __aeabi_ldiv0
                0x0000b7d8                __aeabi_idiv0
 .text          0x0000b7dc       0x48 /usr/lib/gcc/arm-none-eabi/14.2.0/thumb/v6-m/nofp/libgcc.a(_aeabi_ldivmod.o)
                0x0000b7dc                __aeabi_ldivmod
 .text          0x0000b824        0x0 /usr/lib/gcc/arm-none-eabi/14.2.0/thumb/v6-m/nofp/libgcc.a(_muldi3.o)
 .text          0x0000b824        0x0 /usr/lib/gcc/arm-none-eabi/14.2.0/thumb/v6-m/nofp/libgcc.a(bpabi.o)
 .text          0x0000b824        0x0 /usr/lib/gcc/arm-none-eabi/14.2.0/thumb/v6-m/nofp/libgcc.a(_divdi3.o)
 .text          0x0000b824       0x18 /usr/lib/gcc/arm-none-eabi/14.2.0/thumb/v6-m/nofp/libgcc.a(_lshrdi3.o)
                0x0000b824                __aeabi_llsr
                0x0000b824                __lshrdi3
 .text          0x0000b83c       0x18 /usr/lib/gcc/arm-none-eabi/14.2.0/thumb/v6-m/nofp/libgcc.a(_ashldi3.o)
                0x0000b83c                __ashldi3
                0x0000b83c                __aeabi_llsl
 .text          0x0000b854       0x18 /usr/lib/gcc/arm-none-eabi/14.2.0/thumb/v6-m/nofp/libgcc.a(_clzdi2.o)
                0x0000b854                __clzdi2
 .text          0x0000b86c       0x3c /usr/lib/gcc/arm-none-eabi/14.2.0/thumb/v6-m/nofp/libgcc.a(_clzsi2.o)
                0x0000b86c                __clzsi2
 .text          0x0000b8a8        0x0 /usr/lib/gcc/arm-none-eabi/14.2.0/../../../../arm-none-eabi/lib/thumb/v6-m/nofp/libc_nano.a(libc_a-memcmp.o)
 .text          0x0000b8a8        0x0 /usr/lib/gcc/arm-none-eabi/14.2.0/../../../../arm-none-eabi/lib/thumb/v6-m/nofp/libc_nano.a(libc_a-memset.o)
 .text          0x0000b8a8        0x0 /usr/lib/gcc/arm-none-eabi/14.2.0/../../../../arm-none-eabi/lib/thumb/v6-m/nofp/libc_nano.a(libc_a-strncpy.o)
 .text          0x0000b8a8        0x0 /usr/lib/gcc/arm-none-eabi/14.2.0/../../../../arm-none-eabi/lib/thumb/v6-m/nofp/libc_nano.a(libc_a-strcpy.o)
 .text          0x0000b8a8        0x0 /usr/lib/gcc/arm-none-eabi/14.2.0/../../../../arm-none-eabi/lib/thumb/v6-m/nofp/libc_nano.a(libc_a-memcpy-stub.o)
 .text          0x0000b8a8        0xe /usr/lib/gcc/arm-none-eabi/14.2.0/../../../../arm-none-eabi/lib/thumb/v6-m/nofp/libc_nano.a(libc_a-strlen.o)
                0x0000b8a8                strlen
 *(.text*)
 .text.__muldi3
                0x0000b8b6       0x44 /usr/lib/gcc/arm-none-eabi/14.2.0/thumb/v6-m/nofp/libgcc.a(_muldi3.o)
                0x0000b8b6                __aeabi_lmul
                0x0000b8b6                __muldi3
 .text.__gnu_ldivmod_helper
                0x0000b8fa       0x30 /usr/lib/gcc/arm-none-eabi/14.2.0/thumb/v6-m/nofp/libgcc.a(bpabi.o)
                0x0000b8fa                __gnu_ldivmod_helper
 .text.__divdi3
                0x0000b92a      0x12c /usr/lib/gcc/arm-none-eabi/14.2.0/thumb/v6-m/nofp/libgcc.a(_divdi3.o)
                0x0000b92a                __divdi3
 .text.memcmp   0x0000ba56       0x1c /usr/lib/gcc/arm-none-eabi/14.2.0/../../../../arm-none-eabi/lib/thumb/v6-m/nofp/libc_nano.a(libc_a-memcmp.o)
                0x0000ba56                memcmp
 .text.memset   0x0000ba72       0x10 /usr/lib/gcc/arm-none-eabi/14.2.0/../../../../arm-none-eabi/lib/thumb/v6-m/nofp/libc_nano.a(libc_a-memset.o)
                0x0000ba72                memset
 .text.strncpy  0x0000ba82       0x28 /usr/lib/gcc/arm-none-eabi/14.2.0/../../../../arm-none-eabi/lib/thumb/v6-m/nofp/libc_nano.a(libc_a-strncpy.o)
                0x0000ba82                strncpy
 .text.strcpy   0x0000baaa       0x10 /usr/lib/gcc/arm-none-eabi/14.2.0/../../../../arm-none-eabi/lib/thumb/v6-m/nofp/libc_nano.a(libc_a-strcpy.o)
                0x0000baaa                strcpy
 .text.memcpy   0x0000baba       0x12 /usr/lib/gcc/arm-none-eabi/14.2.0/../../../../arm-none-eabi/lib/thumb/v6-m/nofp/libc_nano.a(libc_a-memcpy-stub.o)
                0x0000baba                memcpy
 *(.rodata)
 .rodata        0x0000bacc     0x14dc /tmp/ccsnO2gZ.ltrans0.ltrans.o
                0x0000bacc                scanStepValues.lto_priv.0
                0x0000bb48                bwNames
                0x0000bb5c                gModulationStr
                0x0000bc1a                Obfuscation.lto_priv.0
                0x0000bc2a                Version
                0x0000bc38                CTCSS_Options
                0x0000bf82                MenuList
                0x0000ca26                bIsInLockScreen
                0x0000ca26                bHasCustomAesKey
                0x0000ca27                scan_delay_10ms
                0x0000ca28                DCS_Options
                0x0000caf8                BParams.lto_priv.0
                0x0000ceac                vfo_state_resume_countdown_500ms
                0x0000ceae                battery_save_count_10ms
 .rodata        0x0000cfa8       0x79 /tmp/ccsnO2gZ.ltrans1.ltrans.o
 *(.rodata*)
 .rodata.str1.1
                0x0000d021      0x6de /tmp/ccsnO2gZ.ltrans0.ltrans.o
                                0x5dd (size before relaxing)
 .rodata.str1.1
                0x0000d6ff      0x169 /tmp/ccsnO2gZ.ltrans1.ltrans.o
 *fill*         0x0000d6ff        0x1 
 .rodata.cst2   0x0000d700        0x2 /tmp/ccsnO2gZ.ltrans1.ltrans.o
 *(.glue_7)
 .glue_7        0x0000d702        0x0 linker stubs
 *(.glue_7t)
 .glue_7t       0x0000d702        0x0 linker stubs
 *(.eh_frame)
 *(.fini)
                0x0000d704                        . = ALIGN (0x4)
 *fill*         0x0000d702        0x2 
                0x0000d704                        _etext = .

.ARM.extab.text.__divdi3
                0x0000d704        0x0
 .ARM.extab.text.__divdi3
                0x0000d704        0x0 /usr/lib/gcc/arm-none-eabi/14.2.0/thumb/v6-m/nofp/libgcc.a(_divdi3.o)

.ARM.exidx.text.__divdi3
                0x0000d704        0x8
 .ARM.exidx.text.__divdi3
                0x0000d704        0x8 /usr/lib/gcc/arm-none-eabi/14.2.0/thumb/v6-m/nofp/libgcc.a(_divdi3.o)

.vfp11_veneer   0x0000d70c        0x0
 .vfp11_veneer  0x0000d70c        0x0 linker stubs

.v4_bx          0x0000d70c        0x0
 .v4_bx         0x0000d70c        0x0 linker stubs

.iplt           0x0000d70c        0x0
 .iplt          0x0000d70c        0x0 start.o

.rel.dyn        0x0000d70c        0x0
 .rel.iplt      0x0000d70c        0x0 start.o
                0x0000d70c                        . = ALIGN (0x4)
                0x0000d70c                        flash_data_start = .

.data           0x20000000      0x178 load address 0x0000d70c
                0x20000000                        . = ALIGN (0x4)
                0x20000000                        sram_data_start = .
 *(.sramtext)
 *(.srambss)
 *(.data)
 .data          0x20000000        0x0 start.o
 .data          0x20000000      0x174 /tmp/ccsnO2gZ.ltrans0.ltrans.o
                0x20000004                gScanRangeStop
                0x20000008                gScanRangeStart
                0x2000000c                settings
                0x2000005a                bIsEncrypted.lto_priv.0
                0x2000005c                gBatterySaveCountdown_10ms
 .data          0x20000174        0x3 /tmp/ccsnO2gZ.ltrans1.ltrans.o
 .data          0x20000177        0x0 /usr/lib/gcc/arm-none-eabi/14.2.0/thumb/v6-m/nofp/libgcc.a(_thumb1_case_sqi.o)
 .data          0x20000177        0x0 /usr/lib/gcc/arm-none-eabi/14.2.0/thumb/v6-m/nofp/libgcc.a(_thumb1_case_uqi.o)
 .data          0x20000177        0x0 /usr/lib/gcc/arm-none-eabi/14.2.0/thumb/v6-m/nofp/libgcc.a(_thumb1_case_shi.o)
 .data          0x20000177        0x0 /usr/lib/gcc/arm-none-eabi/14.2.0/thumb/v6-m/nofp/libgcc.a(_thumb1_case_uhi.o)
 .data          0x20000177        0x0 /usr/lib/gcc/arm-none-eabi/14.2.0/thumb/v6-m/nofp/libgcc.a(_udivsi3.o)
 .data          0x20000177        0x0 /usr/lib/gcc/arm-none-eabi/14.2.0/thumb/v6-m/nofp/libgcc.a(_divsi3.o)
 .data          0x20000177        0x0 /usr/lib/gcc/arm-none-eabi/14.2.0/thumb/v6-m/nofp/libgcc.a(_dvmd_tls.o)
 .data          0x20000177        0x0 /usr/lib/gcc/arm-none-eabi/14.2.0/thumb/v6-m/nofp/libgcc.a(_aeabi_ldivmod.o)
 .data          0x20000177        0x0 /usr/lib/gcc/arm-none-eabi/14.2.0/thumb/v6-m/nofp/libgcc.a(_muldi3.o)
 .data          0x20000177        0x0 /usr/lib/gcc/arm-none-eabi/14.2.0/thumb/v6-m/nofp/libgcc.a(bpabi.o)
 .data          0x20000177        0x0 /usr/lib/gcc/arm-none-eabi/14.2.0/thumb/v6-m/nofp/libgcc.a(_divdi3.o)
 .data          0x20000177        0x0 /usr/lib/gcc/arm-none-eabi/14.2.0/thumb/v6-m/nofp/libgcc.a(_lshrdi3.o)
 .data          0x20000177        0x0 /usr/lib/gcc/arm-none-eabi/14.2.0/thumb/v6-m/nofp/libgcc.a(_ashldi3.o)
 .data          0x20000177        0x0 /usr/lib/gcc/arm-none-eabi/14.2.0/thumb/v6-m/nofp/libgcc.a(_clzdi2.o)
 .data          0x20000177        0x0 /usr/lib/gcc/arm-none-eabi/14.2.0/thumb/v6-m/nofp/libgcc.a(_clzsi2.o)
 .data          0x20000177        0x0 /usr/lib/gcc/arm-none-eabi/14.2.0/../../../../arm-none-eabi/lib/thumb/v6-m/nofp/libc_nano.a(libc_a-memcmp.o)
 .data          0x20000177        0x0 /usr/lib/gcc/arm-none-eabi/14.2.0/../../../../arm-none-eabi/lib/thumb/v6-m/nofp/libc_nano.a(libc_a-memset.o)
 .data          0x20000177        0x0 /usr/lib/gcc/arm-none-eabi/14.2.0/../../../../arm-none-eabi/lib/thumb/v6-m/nofp/libc_nano.a(libc_a-strncpy.o)
 .data          0x20000177        0x0 /usr/lib/gcc/arm-none-eabi/14.2.0/../../../../arm-none-eabi/lib/thumb/v6-m/nofp/libc_nano.a(libc_a-strcpy.o)
 .data          0x20000177        0x0 /usr/lib/gcc/arm-none-eabi/14.2.0/../../../../arm-none-eabi/lib/thumb/v6-m/nofp/libc_nano.a(libc_a-memcpy-stub.o)
 .data          0x20000177        0x0 /usr/lib/gcc/arm-none-eabi/14.2.0/../../../../arm-none-eabi/lib/thumb/v6-m/nofp/libc_nano.a(libc_a-strlen.o)
 *(.data*)
                0x20000178                        . = ALIGN (0x4)
 *fill*         0x20000177        0x1 
                0x20000178                        _edata = .
                0x20000178                        sram_data_end = .

.igot.plt       0x20000178        0x0 load address 0x0000d884
 .igot.plt      0x20000178        0x0 start.o
                0x20000178                        . = ALIGN (0x4)

.bss            0x20000178     0x1670 load address 0x0000d884
                0x20000178                        _sbss = .
                0x20000178                        __bss_start__ = _sbss
 *(.bss)
 .bss           0x20000178        0x0 start.o
 .bss           0x20000178     0x1454 /tmp/ccsnO2gZ.ltrans0.ltrans.o
                0x20000178                gTxVfo
                0x2000017e                gScreenToDisplay
                0x2000017f                gCurrentFunction
                0x20000183                appMode
                0x20000188                scanInfo
                0x200001df                gInputBoxIndex
                0x200001e0                gInputBox
                0x200001ee                gBacklightCountdown
                0x200001f4                gTickMultiplier.lto_priv.0
                0x2000020a                gForceModulation
                0x2000020c                gBK4819_GpioOutState.lto_priv.0
                0x20000212                bl
                0x20000216                gRxIdleMode
                0x20000217                gVfoConfigureMode
                0x2000021a                Ptt_Toggle_Mode
                0x2000021c                gSetting_ScrambleEnable
                0x2000021d                gSetting_battery_text
                0x20000220                gCurrentRSSI
                0x20000222                gWasFKeyPressed
                0x20000223                gKeyInputCountdown
                0x20000224                gUpdateStatus
                0x20000225                gUpdateDisplay
                0x20000226                gFmRadioMode
                0x20000227                gFM_ScanState
                0x20000228                gFM_RestoreCountdown_10ms
                0x2000022d                gAskToSave
                0x20000234                gCssBackgroundScan
                0x2000026e                gBatteryCalibration
                0x2000027a                gCurrentCodeType
                0x2000027b                g_CxCSS_TAIL_Found
                0x2000027c                g_CDCSS_Lost
                0x2000027d                g_CTCSS_Lost
                0x2000027e                g_SquelchLost
                0x2000027f                gFlagTailNoteEliminationComplete
                0x20000280                gTailNoteEliminationCountdown_10ms
                0x20000282                gFoundCTCSS
                0x20000283                gFoundCDCSS
                0x20000284                gFoundCTCSSCountdown_10ms
                0x20000285                gFoundCDCSSCountdown_10ms
                0x20000286                gEndOfRxDetectedMaybe
                0x20000287                gMonitor
                0x20000288                gPowerSave_10ms
                0x2000028a                gPowerSaveCountdownExpired
                0x20000291                gSchedulePowerSave
                0x20000292                gUpdateRSSI
                0x20000293                gTxVfoIsActive
                0x20000294                gSerialConfigCountDown_500ms
                0x20000295                gFlagEndTransmission
                0x20000296                VfoState
                0x20000297                gVFOStateResumeCountdown_500ms
                0x20000298                gPttIsPressed
                0x2000029b                gPttDebounceCounter
                0x2000029c                gRequestSaveVFO
                0x200002a8                gFlagReconfigureVfos
                0x200002a9                gScanSingleFrequency
                0x200002aa                gScanCssState
                0x200002ac                gScanFrequency
                0x200002b0                gScanDelay_10ms
                0x200002b1                gScanCssResultCode
                0x200002b2                gScanCssResultType
                0x200002b3                scanHitCount
                0x200002b4                gScanUseCssResult
                0x200002b5                gCDCSSCodeType
                0x200002b6                gScanProgressIndicator
                0x200002bc                gNextTimeslice
                0x200002bd                gNextTimeslice_500ms
                0x200002be                gNextTimeslice_vfo_nums
                0x200002c0                gTxTimerCountdown_500ms
                0x200002c2                gTxTimeoutReached
                0x200002c5                gNextTimeslice40ms
                0x200002ca                boot_counter_10ms
                0x200002fc                BPRssiTriggerLevelUp
                0x200003c6                gBatteryCheckCounter
                0x200003c8                gBatteryVoltages
                0x200003e6                nextBandToScanIndex.lto_priv.0
                0x200003f1                gLowBattery
                0x200003f2                gLowBatteryConfirmed
                0x20000409                gKeyLockCountdown
                0x2000040a                gIsInSubMenu
                0x20000410                gMenuListCount
                0x20000412                gBatteryDisplayLevel
                0x20000414                gBatteryVoltageAverage
                0x20000416                gLowBatteryBlink
                0x20000418                lowBatteryCountdown
                0x2000041a                gAskForConfirmation
                0x2000041e                gMenuCountdown
                0x20000420                gKeypadLocked
                0x20000421                gFlashLightState
                0x200005c4                gMR_ChannelAttributes
                0x200008ed                gMR_ChannelFrequencyAttributes
                0x20000c0e                scanChannel
                0x20001144                gEnableSpeaker
                0x20001145                gStatusLine
                0x200011c5                gFrameBuffer
                0x20001548                gEeprom
 .bss           0x200015cc      0x21c /tmp/ccsnO2gZ.ltrans1.ltrans.o
 .bss           0x200017e8        0x0 /usr/lib/gcc/arm-none-eabi/14.2.0/thumb/v6-m/nofp/libgcc.a(_thumb1_case_sqi.o)
 .bss           0x200017e8        0x0 /usr/lib/gcc/arm-none-eabi/14.2.0/thumb/v6-m/nofp/libgcc.a(_thumb1_case_uqi.o)
 .bss           0x200017e8        0x0 /usr/lib/gcc/arm-none-eabi/14.2.0/thumb/v6-m/nofp/libgcc.a(_thumb1_case_shi.o)
 .bss           0x200017e8        0x0 /usr/lib/gcc/arm-none-eabi/14.2.0/thumb/v6-m/nofp/libgcc.a(_thumb1_case_uhi.o)
 .bss           0x200017e8        0x0 /usr/lib/gcc/arm-none-eabi/14.2.0/thumb/v6-m/nofp/libgcc.a(_udivsi3.o)
 .bss           0x200017e8        0x0 /usr/lib/gcc/arm-none-eabi/14.2.0/thumb/v6-m/nofp/libgcc.a(_divsi3.o)
 .bss           0x200017e8        0x0 /usr/lib/gcc/arm-none-eabi/14.2.0/thumb/v6-m/nofp/libgcc.a(_dvmd_tls.o)
 .bss           0x200017e8        0x0 /usr/lib/gcc/arm-none-eabi/14.2.0/thumb/v6-m/nofp/libgcc.a(_aeabi_ldivmod.o)
 .bss           0x200017e8        0x0 /usr/lib/gcc/arm-none-eabi/14.2.0/thumb/v6-m/nofp/libgcc.a(_muldi3.o)
 .bss           0x200017e8        0x0 /usr/lib/gcc/arm-none-eabi/14.2.0/thumb/v6-m/nofp/libgcc.a(bpabi.o)
 .bss           0x200017e8        0x0 /usr/lib/gcc/arm-none-eabi/14.2.0/thumb/v6-m/nofp/libgcc.a(_divdi3.o)
 .bss           0x200017e8        0x0 /usr/lib/gcc/arm-none-eabi/14.2.0/thumb/v6-m/nofp/libgcc.a(_lshrdi3.o)
 .bss           0x200017e8        0x0 /usr/lib/gcc/arm-none-eabi/14.2.0/thumb/v6-m/nofp/libgcc.a(_ashldi3.o)
 .bss           0x200017e8        0x0 /usr/lib/gcc/arm-none-eabi/14.2.0/thumb/v6-m/nofp/libgcc.a(_clzdi2.o)
 .bss           0x200017e8        0x0 /usr/lib/gcc/arm-none-eabi/14.2.0/thumb/v6-m/nofp/libgcc.a(_clzsi2.o)
 .bss           0x200017e8        0x0 /usr/lib/gcc/arm-none-eabi/14.2.0/../../../../arm-none-eabi/lib/thumb/v6-m/nofp/libc_nano.a(libc_a-memcmp.o)
 .bss           0x200017e8        0x0 /usr/lib/gcc/arm-none-eabi/14.2.0/../../../../arm-none-eabi/lib/thumb/v6-m/nofp/libc_nano.a(libc_a-memset.o)
 .bss           0x200017e8        0x0 /usr/lib/gcc/arm-none-eabi/14.2.0/../../../../arm-none-eabi/lib/thumb/v6-m/nofp/libc_nano.a(libc_a-strncpy.o)
 .bss           0x200017e8        0x0 /usr/lib/gcc/arm-none-eabi/14.2.0/../../../../arm-none-eabi/lib/thumb/v6-m/nofp/libc_nano.a(libc_a-strcpy.o)
 .bss           0x200017e8        0x0 /usr/lib/gcc/arm-none-eabi/14.2.0/../../../../arm-none-eabi/lib/thumb/v6-m/nofp/libc_nano.a(libc_a-memcpy-stub.o)
 .bss           0x200017e8        0x0 /usr/lib/gcc/arm-none-eabi/14.2.0/../../../../arm-none-eabi/lib/thumb/v6-m/nofp/libc_nano.a(libc_a-strlen.o)
 *(.bss*)
 *(COMMON)
                0x200017e8                        . = ALIGN (0x4)
                0x200017e8                        _ebss = .
                0x200017e8                        __bss_end__ = _ebss

._user_heap_stack
                0x200017e8       0x80 load address 0x0000d884
                0x200017e8                        . = ALIGN (0x4)
                0x200017e8                        . = (. + _Min_Heap_Size)
                0x20001868                        . = (. + _Min_Stack_Size)
 *fill*         0x200017e8       0x80 
                0x20001868                        . = ALIGN (0x4)
                0x200017e8                        _sheap = _ebss
                0x20003f80                        _eheap = (_estack - _Min_Stack_Size)
LOAD start.o
LOAD init.o
LOAD /tmp/ccsnO2gZ.ltrans0.ltrans.o
LOAD /tmp/ccsnO2gZ.ltrans1.ltrans.o
LOAD external/printf/printf.o
LOAD driver/adc.o
LOAD driver/backlight.o
LOAD driver/bk1080.o
LOAD driver/bk4819.o
LOAD driver/crc.o
LOAD driver/eeprom.o
LOAD driver/gpio.o
LOAD driver/i2c.o
LOAD driver/keyboard.o
LOAD driver/spi.o
LOAD driver/st7565.o
LOAD driver/system.o
LOAD driver/systick.o
LOAD driver/uart.o
LOAD app/action.o
LOAD app/app.o
LOAD app/common.o
LOAD app/fm.o
LOAD app/generic.o
LOAD app/main.o
LOAD app/menu.o
LOAD app/spectrum.o
LOAD app/scanner.o
LOAD app/uart.o
LOAD bitmaps.o
LOAD board.o
LOAD dcs.o
LOAD font.o
LOAD frequencies.o
LOAD functions.o
LOAD helper/battery.o
LOAD helper/boot.o
LOAD misc.o
LOAD radio.o
LOAD scheduler.o
LOAD settings.o
LOAD ui/battery.o
LOAD ui/fmradio.o
LOAD ui/helper.o
LOAD ui/inputbox.o
LOAD ui/main.o
LOAD ui/menu.o
LOAD ui/scanner.o
LOAD ui/status.o
LOAD ui/ui.o
LOAD ui/welcome.o
LOAD version.o
LOAD main.o
START GROUP
LOAD /usr/lib/gcc/arm-none-eabi/14.2.0/thumb/v6-m/nofp/libgcc.a
LOAD /usr/lib/gcc/arm-none-eabi/14.2.0/../../../../arm-none-eabi/lib/thumb/v6-m/nofp/libc_nano.a
END GROUP
START GROUP
LOAD /usr/lib/gcc/arm-none-eabi/14.2.0/thumb/v6-m/nofp/libgcc.a
LOAD /usr/lib/gcc/arm-none-eabi/14.2.0/../../../../arm-none-eabi/lib/thumb/v6-m/nofp/libc_nano.a
END GROUP
OUTPUT(robzyl8k_beta.en.fr elf32-littlearm)
LOAD linker stubs

.ARM.attributes
                0x00000000       0x2d
 .ARM.attributes
                0x00000000       0x21 start.o
 .ARM.attributes
                0x00000021       0x2a /tmp/ccsnO2gZ.ltrans0.ltrans.o
 .ARM.attributes
                0x0000004b       0x2a /tmp/ccsnO2gZ.ltrans1.ltrans.o
 .ARM.attributes
                0x00000075       0x1e /usr/lib/gcc/arm-none-eabi/14.2.0/thumb/v6-m/nofp/libgcc.a(_thumb1_case_sqi.o)
 .ARM.attributes
                0x00000093       0x1e /usr/lib/gcc/arm-none-eabi/14.2.0/thumb/v6-m/nofp/libgcc.a(_thumb1_case_uqi.o)
 .ARM.attributes
                0x000000b1       0x1e /usr/lib/gcc/arm-none-eabi/14.2.0/thumb/v6-m/nofp/libgcc.a(_thumb1_case_shi.o)
 .ARM.attributes
                0x000000cf       0x1e /usr/lib/gcc/arm-none-eabi/14.2.0/thumb/v6-m/nofp/libgcc.a(_thumb1_case_uhi.o)
 .ARM.attributes
                0x000000ed       0x1e /usr/lib/gcc/arm-none-eabi/14.2.0/thumb/v6-m/nofp/libgcc.a(_udivsi3.o)
 .ARM.attributes
                0x0000010b       0x1e /usr/lib/gcc/arm-none-eabi/14.2.0/thumb/v6-m/nofp/libgcc.a(_divsi3.o)
 .ARM.attributes
                0x00000129       0x1e /usr/lib/gcc/arm-none-eabi/14.2.0/thumb/v6-m/nofp/libgcc.a(_dvmd_tls.o)
 .ARM.attributes
                0x00000147       0x1e /usr/lib/gcc/arm-none-eabi/14.2.0/thumb/v6-m/nofp/libgcc.a(_aeabi_ldivmod.o)
 .ARM.attributes
                0x00000165       0x2c /usr/lib/gcc/arm-none-eabi/14.2.0/thumb/v6-m/nofp/libgcc.a(_muldi3.o)
 .ARM.attributes
                0x00000191       0x2c /usr/lib/gcc/arm-none-eabi/14.2.0/thumb/v6-m/nofp/libgcc.a(bpabi.o)
 .ARM.attributes
                0x000001bd       0x2c /usr/lib/gcc/arm-none-eabi/14.2.0/thumb/v6-m/nofp/libgcc.a(_divdi3.o)
 .ARM.attributes
                0x000001e9       0x1e /usr/lib/gcc/arm-none-eabi/14.2.0/thumb/v6-m/nofp/libgcc.a(_lshrdi3.o)
 .ARM.attributes
                0x00000207       0x1e /usr/lib/gcc/arm-none-eabi/14.2.0/thumb/v6-m/nofp/libgcc.a(_ashldi3.o)
 .ARM.attributes
                0x00000225       0x1e /usr/lib/gcc/arm-none-eabi/14.2.0/thumb/v6-m/nofp/libgcc.a(_clzdi2.o)
 .ARM.attributes
                0x00000243       0x1e /usr/lib/gcc/arm-none-eabi/14.2.0/thumb/v6-m/nofp/libgcc.a(_clzsi2.o)
 .ARM.attributes
                0x00000261       0x2c /usr/lib/gcc/arm-none-eabi/14.2.0/../../../../arm-none-eabi/lib/thumb/v6-m/nofp/libc_nano.a(libc_a-memcmp.o)
 .ARM.attributes
                0x0000028d       0x2c /usr/lib/gcc/arm-none-eabi/14.2.0/../../../../arm-none-eabi/lib/thumb/v6-m/nofp/libc_nano.a(libc_a-memset.o)
 .ARM.attributes
                0x000002b9       0x2c /usr/lib/gcc/arm-none-eabi/14.2.0/../../../../arm-none-eabi/lib/thumb/v6-m/nofp/libc_nano.a(libc_a-strncpy.o)
 .ARM.attributes
                0x000002e5       0x2c /usr/lib/gcc/arm-none-eabi/14.2.0/../../../../arm-none-eabi/lib/thumb/v6-m/nofp/libc_nano.a(libc_a-strcpy.o)
 .ARM.attributes
                0x00000311       0x2c /usr/lib/gcc/arm-none-eabi/14.2.0/../../../../arm-none-eabi/lib/thumb/v6-m/nofp/libc_nano.a(libc_a-memcpy-stub.o)
 .ARM.attributes
                0x0000033d       0x1c /usr/lib/gcc/arm-none-eabi/14.2.0/../../../../arm-none-eabi/lib/thumb/v6-m/nofp/libc_nano.a(libc_a-strlen.o)

.comment        0x00000000       0x1e
 .comment       0x00000000       0x1e /tmp/ccsnO2gZ.ltrans0.ltrans.o
                                 0x1f (size before relaxing)
 .comment       0x0000001e       0x1f /tmp/ccsnO2gZ.ltrans1.ltrans.o
 .comment       0x0000001e       0x1f /usr/lib/gcc/arm-none-eabi/14.2.0/thumb/v6-m/nofp/libgcc.a(_muldi3.o)
 .comment       0x0000001e       0x1f /usr/lib/gcc/arm-none-eabi/14.2.0/thumb/v6-m/nofp/libgcc.a(bpabi.o)
 .comment       0x0000001e       0x1f /usr/lib/gcc/arm-none-eabi/14.2.0/thumb/v6-m/nofp/libgcc.a(_divdi3.o)
 .comment       0x0000001e       0x1f /usr/lib/gcc/arm-none-eabi/14.2.0/../../../../arm-none-eabi/lib/thumb/v6-m/nofp/libc_nano.a(libc_a-memcmp.o)
 .comment       0x0000001e       0x1f /usr/lib/gcc/arm-none-eabi/14.2.0/../../../../arm-none-eabi/lib/thumb/v6-m/nofp/libc_nano.a(libc_a-memset.o)
 .comment       0x0000001e       0x1f /usr/lib/gcc/arm-none-eabi/14.2.0/../../../../arm-none-eabi/lib/thumb/v6-m/nofp/libc_nano.a(libc_a-strncpy.o)
 .comment       0x0000001e       0x1f /usr/lib/gcc/arm-none-eabi/14.2.0/../../../../arm-none-eabi/lib/thumb/v6-m/nofp/libc_nano.a(libc_a-strcpy.o)
 .comment       0x0000001e       0x1f /usr/lib/gcc/arm-none-eabi/14.2.0/../../../../arm-none-eabi/lib/thumb/v6-m/nofp/libc_nano.a(libc_a-memcpy-stub.o)

.debug_line     0x00000000      0xe06
 .debug_line    0x00000000       0x52 /usr/lib/gcc/arm-none-eabi/14.2.0/thumb/v6-m/nofp/libgcc.a(_thumb1_case_sqi.o)
 .debug_line    0x00000052       0x52 /usr/lib/gcc/arm-none-eabi/14.2.0/thumb/v6-m/nofp/libgcc.a(_thumb1_case_uqi.o)
 .debug_line    0x000000a4       0x53 /usr/lib/gcc/arm-none-eabi/14.2.0/thumb/v6-m/nofp/libgcc.a(_thumb1_case_shi.o)
 .debug_line    0x000000f7       0x53 /usr/lib/gcc/arm-none-eabi/14.2.0/thumb/v6-m/nofp/libgcc.a(_thumb1_case_uhi.o)
 .debug_line    0x0000014a       0x61 /usr/lib/gcc/arm-none-eabi/14.2.0/thumb/v6-m/nofp/libgcc.a(_udivsi3.o)
 .debug_line    0x000001ab       0x6f /usr/lib/gcc/arm-none-eabi/14.2.0/thumb/v6-m/nofp/libgcc.a(_divsi3.o)
 .debug_line    0x0000021a       0x4a /usr/lib/gcc/arm-none-eabi/14.2.0/thumb/v6-m/nofp/libgcc.a(_dvmd_tls.o)
 .debug_line    0x00000264       0x55 /usr/lib/gcc/arm-none-eabi/14.2.0/thumb/v6-m/nofp/libgcc.a(_aeabi_ldivmod.o)
 .debug_line    0x000002b9      0x119 /usr/lib/gcc/arm-none-eabi/14.2.0/thumb/v6-m/nofp/libgcc.a(_muldi3.o)
 .debug_line    0x000003d2       0xa4 /usr/lib/gcc/arm-none-eabi/14.2.0/thumb/v6-m/nofp/libgcc.a(bpabi.o)
 .debug_line    0x00000476      0x1de /usr/lib/gcc/arm-none-eabi/14.2.0/thumb/v6-m/nofp/libgcc.a(_divdi3.o)
 .debug_line    0x00000654       0x55 /usr/lib/gcc/arm-none-eabi/14.2.0/thumb/v6-m/nofp/libgcc.a(_lshrdi3.o)
 .debug_line    0x000006a9       0x55 /usr/lib/gcc/arm-none-eabi/14.2.0/thumb/v6-m/nofp/libgcc.a(_ashldi3.o)
 .debug_line    0x000006fe       0x54 /usr/lib/gcc/arm-none-eabi/14.2.0/thumb/v6-m/nofp/libgcc.a(_clzdi2.o)
 .debug_line    0x00000752       0x5e /usr/lib/gcc/arm-none-eabi/14.2.0/thumb/v6-m/nofp/libgcc.a(_clzsi2.o)
 .debug_line    0x000007b0      0x13a /usr/lib/gcc/arm-none-eabi/14.2.0/../../../../arm-none-eabi/lib/thumb/v6-m/nofp/libc_nano.a(libc_a-memcmp.o)
 .debug_line    0x000008ea      0x11d /usr/lib/gcc/arm-none-eabi/14.2.0/../../../../arm-none-eabi/lib/thumb/v6-m/nofp/libc_nano.a(libc_a-memset.o)
 .debug_line    0x00000a07      0x148 /usr/lib/gcc/arm-none-eabi/14.2.0/../../../../arm-none-eabi/lib/thumb/v6-m/nofp/libc_nano.a(libc_a-strncpy.o)
 .debug_line    0x00000b4f       0xd8 /usr/lib/gcc/arm-none-eabi/14.2.0/../../../../arm-none-eabi/lib/thumb/v6-m/nofp/libc_nano.a(libc_a-strcpy.o)
 .debug_line    0x00000c27      0x190 /usr/lib/gcc/arm-none-eabi/14.2.0/../../../../arm-none-eabi/lib/thumb/v6-m/nofp/libc_nano.a(libc_a-memcpy-stub.o)
 .debug_line    0x00000db7       0x4f /usr/lib/gcc/arm-none-eabi/14.2.0/../../../../arm-none-eabi/lib/thumb/v6-m/nofp/libc_nano.a(libc_a-strlen.o)

.debug_line_str
                0x00000000      0x141
 .debug_line_str
                0x00000000      0x141 /usr/lib/gcc/arm-none-eabi/14.2.0/thumb/v6-m/nofp/libgcc.a(_thumb1_case_sqi.o)
                                 0x92 (size before relaxing)
 .debug_line_str
                0x00000141       0x92 /usr/lib/gcc/arm-none-eabi/14.2.0/thumb/v6-m/nofp/libgcc.a(_thumb1_case_uqi.o)
 .debug_line_str
                0x00000141       0x92 /usr/lib/gcc/arm-none-eabi/14.2.0/thumb/v6-m/nofp/libgcc.a(_thumb1_case_shi.o)
 .debug_line_str
                0x00000141       0x92 /usr/lib/gcc/arm-none-eabi/14.2.0/thumb/v6-m/nofp/libgcc.a(_thumb1_case_uhi.o)
 .debug_line_str
                0x00000141       0x92 /usr/lib/gcc/arm-none-eabi/14.2.0/thumb/v6-m/nofp/libgcc.a(_udivsi3.o)
 .debug_line_str
                0x00000141       0x92 /usr/lib/gcc/arm-none-eabi/14.2.0/thumb/v6-m/nofp/libgcc.a(_divsi3.o)
 .debug_line_str
                0x00000141       0x92 /usr/lib/gcc/arm-none-eabi/14.2.0/thumb/v6-m/nofp/libgcc.a(_dvmd_tls.o)
 .debug_line_str
                0x00000141       0x92 /usr/lib/gcc/arm-none-eabi/14.2.0/thumb/v6-m/nofp/libgcc.a(_aeabi_ldivmod.o)
 .debug_line_str
                0x00000141       0x92 /usr/lib/gcc/arm-none-eabi/14.2.0/thumb/v6-m/nofp/libgcc.a(_lshrdi3.o)
 .debug_line_str
                0x00000141       0x92 /usr/lib/gcc/arm-none-eabi/14.2.0/thumb/v6-m/nofp/libgcc.a(_ashldi3.o)
 .debug_line_str
                0x00000141       0x92 /usr/lib/gcc/arm-none-eabi/14.2.0/thumb/v6-m/nofp/libgcc.a(_clzdi2.o)
 .debug_line_str
                0x00000141       0x92 /usr/lib/gcc/arm-none-eabi/14.2.0/thumb/v6-m/nofp/libgcc.a(_clzsi2.o)
 .debug_line_str
                0x00000141       0xa3 /usr/lib/gcc/arm-none-eabi/14.2.0/../../../../arm-none-eabi/lib/thumb/v6-m/nofp/libc_nano.a(libc_a-strlen.o)

.debug_info     0x00000000     0x11ae
 .debug_info    0x00000000       0x31 /usr/lib/gcc/arm-none-eabi/14.2.0/thumb/v6-m/nofp/libgcc.a(_thumb1_case_sqi.o)
 .debug_info    0x00000031       0x31 /usr/lib/gcc/arm-none-eabi/14.2.0/thumb/v6-m/nofp/libgcc.a(_thumb1_case_uqi.o)
 .debug_info    0x00000062       0x31 /usr/lib/gcc/arm-none-eabi/14.2.0/thumb/v6-m/nofp/libgcc.a(_thumb1_case_shi.o)
 .debug_info    0x00000093       0x31 /usr/lib/gcc/arm-none-eabi/14.2.0/thumb/v6-m/nofp/libgcc.a(_thumb1_case_uhi.o)
 .debug_info    0x000000c4       0x3d /usr/lib/gcc/arm-none-eabi/14.2.0/thumb/v6-m/nofp/libgcc.a(_udivsi3.o)
 .debug_info    0x00000101       0x3e /usr/lib/gcc/arm-none-eabi/14.2.0/thumb/v6-m/nofp/libgcc.a(_divsi3.o)
 .debug_info    0x0000013f       0x3c /usr/lib/gcc/arm-none-eabi/14.2.0/thumb/v6-m/nofp/libgcc.a(_dvmd_tls.o)
 .debug_info    0x0000017b       0x31 /usr/lib/gcc/arm-none-eabi/14.2.0/thumb/v6-m/nofp/libgcc.a(_aeabi_ldivmod.o)
 .debug_info    0x000001ac      0x42c /usr/lib/gcc/arm-none-eabi/14.2.0/thumb/v6-m/nofp/libgcc.a(_muldi3.o)
 .debug_info    0x000005d8       0xf0 /usr/lib/gcc/arm-none-eabi/14.2.0/thumb/v6-m/nofp/libgcc.a(bpabi.o)
 .debug_info    0x000006c8      0x515 /usr/lib/gcc/arm-none-eabi/14.2.0/thumb/v6-m/nofp/libgcc.a(_divdi3.o)
 .debug_info    0x00000bdd       0x3c /usr/lib/gcc/arm-none-eabi/14.2.0/thumb/v6-m/nofp/libgcc.a(_lshrdi3.o)
 .debug_info    0x00000c19       0x3c /usr/lib/gcc/arm-none-eabi/14.2.0/thumb/v6-m/nofp/libgcc.a(_ashldi3.o)
 .debug_info    0x00000c55       0x24 /usr/lib/gcc/arm-none-eabi/14.2.0/thumb/v6-m/nofp/libgcc.a(_clzdi2.o)
 .debug_info    0x00000c79       0x31 /usr/lib/gcc/arm-none-eabi/14.2.0/thumb/v6-m/nofp/libgcc.a(_clzsi2.o)
 .debug_info    0x00000caa      0x104 /usr/lib/gcc/arm-none-eabi/14.2.0/../../../../arm-none-eabi/lib/thumb/v6-m/nofp/libc_nano.a(libc_a-memcmp.o)
 .debug_info    0x00000dae       0xe0 /usr/lib/gcc/arm-none-eabi/14.2.0/../../../../arm-none-eabi/lib/thumb/v6-m/nofp/libc_nano.a(libc_a-memset.o)
 .debug_info    0x00000e8e      0x111 /usr/lib/gcc/arm-none-eabi/14.2.0/../../../../arm-none-eabi/lib/thumb/v6-m/nofp/libc_nano.a(libc_a-strncpy.o)
 .debug_info    0x00000f9f       0xc3 /usr/lib/gcc/arm-none-eabi/14.2.0/../../../../arm-none-eabi/lib/thumb/v6-m/nofp/libc_nano.a(libc_a-strcpy.o)
 .debug_info    0x00001062      0x11b /usr/lib/gcc/arm-none-eabi/14.2.0/../../../../arm-none-eabi/lib/thumb/v6-m/nofp/libc_nano.a(libc_a-memcpy-stub.o)
 .debug_info    0x0000117d       0x31 /usr/lib/gcc/arm-none-eabi/14.2.0/../../../../arm-none-eabi/lib/thumb/v6-m/nofp/libc_nano.a(libc_a-strlen.o)

.debug_abbrev   0x00000000      0x8ea
 .debug_abbrev  0x00000000       0x28 /usr/lib/gcc/arm-none-eabi/14.2.0/thumb/v6-m/nofp/libgcc.a(_thumb1_case_sqi.o)
 .debug_abbrev  0x00000028       0x28 /usr/lib/gcc/arm-none-eabi/14.2.0/thumb/v6-m/nofp/libgcc.a(_thumb1_case_uqi.o)
 .debug_abbrev  0x00000050       0x28 /usr/lib/gcc/arm-none-eabi/14.2.0/thumb/v6-m/nofp/libgcc.a(_thumb1_case_shi.o)
 .debug_abbrev  0x00000078       0x28 /usr/lib/gcc/arm-none-eabi/14.2.0/thumb/v6-m/nofp/libgcc.a(_thumb1_case_uhi.o)
 .debug_abbrev  0x000000a0       0x28 /usr/lib/gcc/arm-none-eabi/14.2.0/thumb/v6-m/nofp/libgcc.a(_udivsi3.o)
 .debug_abbrev  0x000000c8       0x28 /usr/lib/gcc/arm-none-eabi/14.2.0/thumb/v6-m/nofp/libgcc.a(_divsi3.o)
 .debug_abbrev  0x000000f0       0x26 /usr/lib/gcc/arm-none-eabi/14.2.0/thumb/v6-m/nofp/libgcc.a(_dvmd_tls.o)
 .debug_abbrev  0x00000116       0x28 /usr/lib/gcc/arm-none-eabi/14.2.0/thumb/v6-m/nofp/libgcc.a(_aeabi_ldivmod.o)
 .debug_abbrev  0x0000013e      0x163 /usr/lib/gcc/arm-none-eabi/14.2.0/thumb/v6-m/nofp/libgcc.a(_muldi3.o)
 .debug_abbrev  0x000002a1       0xc8 /usr/lib/gcc/arm-none-eabi/14.2.0/thumb/v6-m/nofp/libgcc.a(bpabi.o)
 .debug_abbrev  0x00000369      0x1bc /usr/lib/gcc/arm-none-eabi/14.2.0/thumb/v6-m/nofp/libgcc.a(_divdi3.o)
 .debug_abbrev  0x00000525       0x28 /usr/lib/gcc/arm-none-eabi/14.2.0/thumb/v6-m/nofp/libgcc.a(_lshrdi3.o)
 .debug_abbrev  0x0000054d       0x28 /usr/lib/gcc/arm-none-eabi/14.2.0/thumb/v6-m/nofp/libgcc.a(_ashldi3.o)
 .debug_abbrev  0x00000575       0x14 /usr/lib/gcc/arm-none-eabi/14.2.0/thumb/v6-m/nofp/libgcc.a(_clzdi2.o)
 .debug_abbrev  0x00000589       0x28 /usr/lib/gcc/arm-none-eabi/14.2.0/thumb/v6-m/nofp/libgcc.a(_clzsi2.o)
 .debug_abbrev  0x000005b1       0x90 /usr/lib/gcc/arm-none-eabi/14.2.0/../../../../arm-none-eabi/lib/thumb/v6-m/nofp/libc_nano.a(libc_a-memcmp.o)
 .debug_abbrev  0x00000641       0x9e /usr/lib/gcc/arm-none-eabi/14.2.0/../../../../arm-none-eabi/lib/thumb/v6-m/nofp/libc_nano.a(libc_a-memset.o)
 .debug_abbrev  0x000006df       0xa7 /usr/lib/gcc/arm-none-eabi/14.2.0/../../../../arm-none-eabi/lib/thumb/v6-m/nofp/libc_nano.a(libc_a-strncpy.o)
 .debug_abbrev  0x00000786       0x7b /usr/lib/gcc/arm-none-eabi/14.2.0/../../../../arm-none-eabi/lib/thumb/v6-m/nofp/libc_nano.a(libc_a-strcpy.o)
 .debug_abbrev  0x00000801       0xc1 /usr/lib/gcc/arm-none-eabi/14.2.0/../../../../arm-none-eabi/lib/thumb/v6-m/nofp/libc_nano.a(libc_a-memcpy-stub.o)
 .debug_abbrev  0x000008c2       0x28 /usr/lib/gcc/arm-none-eabi/14.2.0/../../../../arm-none-eabi/lib/thumb/v6-m/nofp/libc_nano.a(libc_a-strlen.o)

.debug_aranges  0x00000000      0x2a0
 .debug_aranges
                0x00000000       0x20 /usr/lib/gcc/arm-none-eabi/14.2.0/thumb/v6-m/nofp/libgcc.a(_thumb1_case_sqi.o)
 .debug_aranges
                0x00000020       0x20 /usr/lib/gcc/arm-none-eabi/14.2.0/thumb/v6-m/nofp/libgcc.a(_thumb1_case_uqi.o)
 .debug_aranges
                0x00000040       0x20 /usr/lib/gcc/arm-none-eabi/14.2.0/thumb/v6-m/nofp/libgcc.a(_thumb1_case_shi.o)
 .debug_aranges
                0x00000060       0x20 /usr/lib/gcc/arm-none-eabi/14.2.0/thumb/v6-m/nofp/libgcc.a(_thumb1_case_uhi.o)
 .debug_aranges
                0x00000080       0x20 /usr/lib/gcc/arm-none-eabi/14.2.0/thumb/v6-m/nofp/libgcc.a(_udivsi3.o)
 .debug_aranges
                0x000000a0       0x20 /usr/lib/gcc/arm-none-eabi/14.2.0/thumb/v6-m/nofp/libgcc.a(_divsi3.o)
 .debug_aranges
                0x000000c0       0x20 /usr/lib/gcc/arm-none-eabi/14.2.0/thumb/v6-m/nofp/libgcc.a(_dvmd_tls.o)
 .debug_aranges
                0x000000e0       0x20 /usr/lib/gcc/arm-none-eabi/14.2.0/thumb/v6-m/nofp/libgcc.a(_aeabi_ldivmod.o)
 .debug_aranges
                0x00000100       0x20 /usr/lib/gcc/arm-none-eabi/14.2.0/thumb/v6-m/nofp/libgcc.a(_muldi3.o)
 .debug_aranges
                0x00000120       0x20 /usr/lib/gcc/arm-none-eabi/14.2.0/thumb/v6-m/nofp/libgcc.a(bpabi.o)
 .debug_aranges
                0x00000140       0x20 /usr/lib/gcc/arm-none-eabi/14.2.0/thumb/v6-m/nofp/libgcc.a(_divdi3.o)
 .debug_aranges
                0x00000160       0x20 /usr/lib/gcc/arm-none-eabi/14.2.0/thumb/v6-m/nofp/libgcc.a(_lshrdi3.o)
 .debug_aranges
                0x00000180       0x20 /usr/lib/gcc/arm-none-eabi/14.2.0/thumb/v6-m/nofp/libgcc.a(_ashldi3.o)
 .debug_aranges
                0x000001a0       0x20 /usr/lib/gcc/arm-none-eabi/14.2.0/thumb/v6-m/nofp/libgcc.a(_clzdi2.o)
 .debug_aranges
                0x000001c0       0x20 /usr/lib/gcc/arm-none-eabi/14.2.0/thumb/v6-m/nofp/libgcc.a(_clzsi2.o)
 .debug_aranges
                0x000001e0       0x20 /usr/lib/gcc/arm-none-eabi/14.2.0/../../../../arm-none-eabi/lib/thumb/v6-m/nofp/libc_nano.a(libc_a-memcmp.o)
 .debug_aranges
                0x00000200       0x20 /usr/lib/gcc/arm-none-eabi/14.2.0/../../../../arm-none-eabi/lib/thumb/v6-m/nofp/libc_nano.a(libc_a-memset.o)
 .debug_aranges
                0x00000220       0x20 /usr/lib/gcc/arm-none-eabi/14.2.0/../../../../arm-none-eabi/lib/thumb/v6-m/nofp/libc_nano.a(libc_a-strncpy.o)
 .debug_aranges
                0x00000240       0x20 /usr/lib/gcc/arm-none-eabi/14.2.0/../../../../arm-none-eabi/lib/thumb/v6-m/nofp/libc_nano.a(libc_a-strcpy.o)
 .debug_aranges
                0x00000260       0x20 /usr/lib/gcc/arm-none-eabi/14.2.0/../../../../arm-none-eabi/lib/thumb/v6-m/nofp/libc_nano.a(libc_a-memcpy-stub.o)
 .debug_aranges
                0x00000280       0x20 /usr/lib/gcc/arm-none-eabi/14.2.0/../../../../arm-none-eabi/lib/thumb/v6-m/nofp/libc_nano.a(libc_a-strlen.o)

.debug_str      0x00000000      0xc11
 .debug_str     0x00000000      0xc11 /usr/lib/gcc/arm-none-eabi/14.2.0/thumb/v6-m/nofp/libgcc.a(_thumb1_case_sqi.o)
                                 0xb4 (size before relaxing)
 .debug_str     0x00000c11       0xb4 /usr/lib/gcc/arm-none-eabi/14.2.0/thumb/v6-m/nofp/libgcc.a(_thumb1_case_uqi.o)
 .debug_str     0x00000c11       0xb4 /usr/lib/gcc/arm-none-eabi/14.2.0/thumb/v6-m/nofp/libgcc.a(_thumb1_case_shi.o)
 .debug_str     0x00000c11       0xb4 /usr/lib/gcc/arm-none-eabi/14.2.0/thumb/v6-m/nofp/libgcc.a(_thumb1_case_uhi.o)
 .debug_str     0x00000c11       0xb9 /usr/lib/gcc/arm-none-eabi/14.2.0/thumb/v6-m/nofp/libgcc.a(_udivsi3.o)
 .debug_str     0x00000c11       0xb7 /usr/lib/gcc/arm-none-eabi/14.2.0/thumb/v6-m/nofp/libgcc.a(_divsi3.o)
 .debug_str     0x00000c11       0xba /usr/lib/gcc/arm-none-eabi/14.2.0/thumb/v6-m/nofp/libgcc.a(_dvmd_tls.o)
 .debug_str     0x00000c11       0xae /usr/lib/gcc/arm-none-eabi/14.2.0/thumb/v6-m/nofp/libgcc.a(_aeabi_ldivmod.o)
 .debug_str     0x00000c11      0x69b /usr/lib/gcc/arm-none-eabi/14.2.0/thumb/v6-m/nofp/libgcc.a(_muldi3.o)
 .debug_str     0x00000c11      0x1a9 /usr/lib/gcc/arm-none-eabi/14.2.0/thumb/v6-m/nofp/libgcc.a(bpabi.o)
 .debug_str     0x00000c11      0x6b8 /usr/lib/gcc/arm-none-eabi/14.2.0/thumb/v6-m/nofp/libgcc.a(_divdi3.o)
 .debug_str     0x00000c11       0xb5 /usr/lib/gcc/arm-none-eabi/14.2.0/thumb/v6-m/nofp/libgcc.a(_lshrdi3.o)
 .debug_str     0x00000c11       0xb5 /usr/lib/gcc/arm-none-eabi/14.2.0/thumb/v6-m/nofp/libgcc.a(_ashldi3.o)
 .debug_str     0x00000c11       0x9e /usr/lib/gcc/arm-none-eabi/14.2.0/thumb/v6-m/nofp/libgcc.a(_clzdi2.o)
 .debug_str     0x00000c11       0xa7 /usr/lib/gcc/arm-none-eabi/14.2.0/thumb/v6-m/nofp/libgcc.a(_clzsi2.o)
 .debug_str     0x00000c11      0x1b8 /usr/lib/gcc/arm-none-eabi/14.2.0/../../../../arm-none-eabi/lib/thumb/v6-m/nofp/libc_nano.a(libc_a-memcmp.o)
 .debug_str     0x00000c11      0x1b8 /usr/lib/gcc/arm-none-eabi/14.2.0/../../../../arm-none-eabi/lib/thumb/v6-m/nofp/libc_nano.a(libc_a-memset.o)
 .debug_str     0x00000c11      0x1d6 /usr/lib/gcc/arm-none-eabi/14.2.0/../../../../arm-none-eabi/lib/thumb/v6-m/nofp/libc_nano.a(libc_a-strncpy.o)
 .debug_str     0x00000c11      0x1b6 /usr/lib/gcc/arm-none-eabi/14.2.0/../../../../arm-none-eabi/lib/thumb/v6-m/nofp/libc_nano.a(libc_a-strcpy.o)
 .debug_str     0x00000c11      0x1d6 /usr/lib/gcc/arm-none-eabi/14.2.0/../../../../arm-none-eabi/lib/thumb/v6-m/nofp/libc_nano.a(libc_a-memcpy-stub.o)
 .debug_str     0x00000c11       0xb6 /usr/lib/gcc/arm-none-eabi/14.2.0/../../../../arm-none-eabi/lib/thumb/v6-m/nofp/libc_nano.a(libc_a-strlen.o)

.debug_frame    0x00000000      0x198
 .debug_frame   0x00000000       0x20 /usr/lib/gcc/arm-none-eabi/14.2.0/thumb/v6-m/nofp/libgcc.a(_udivsi3.o)
 .debug_frame   0x00000020       0x20 /usr/lib/gcc/arm-none-eabi/14.2.0/thumb/v6-m/nofp/libgcc.a(_divsi3.o)
 .debug_frame   0x00000040       0x34 /usr/lib/gcc/arm-none-eabi/14.2.0/thumb/v6-m/nofp/libgcc.a(_muldi3.o)
 .debug_frame   0x00000074       0x34 /usr/lib/gcc/arm-none-eabi/14.2.0/thumb/v6-m/nofp/libgcc.a(bpabi.o)
 .debug_frame   0x000000a8       0x30 /usr/lib/gcc/arm-none-eabi/14.2.0/thumb/v6-m/nofp/libgcc.a(_divdi3.o)
 .debug_frame   0x000000d8       0x2c /usr/lib/gcc/arm-none-eabi/14.2.0/../../../../arm-none-eabi/lib/thumb/v6-m/nofp/libc_nano.a(libc_a-memcmp.o)
 .debug_frame   0x00000104       0x20 /usr/lib/gcc/arm-none-eabi/14.2.0/../../../../arm-none-eabi/lib/thumb/v6-m/nofp/libc_nano.a(libc_a-memset.o)
 .debug_frame   0x00000124       0x2c /usr/lib/gcc/arm-none-eabi/14.2.0/../../../../arm-none-eabi/lib/thumb/v6-m/nofp/libc_nano.a(libc_a-strncpy.o)
 .debug_frame   0x00000150       0x20 /usr/lib/gcc/arm-none-eabi/14.2.0/../../../../arm-none-eabi/lib/thumb/v6-m/nofp/libc_nano.a(libc_a-strcpy.o)
 .debug_frame   0x00000170       0x28 /usr/lib/gcc/arm-none-eabi/14.2.0/../../../../arm-none-eabi/lib/thumb/v6-m/nofp/libc_nano.a(libc_a-memcpy-stub.o)

.debug_loclists
                0x00000000      0x68a
 .debug_loclists
                0x00000000       0xaf /usr/lib/gcc/arm-none-eabi/14.2.0/thumb/v6-m/nofp/libgcc.a(_muldi3.o)
 .debug_loclists
                0x000000af       0x8d /usr/lib/gcc/arm-none-eabi/14.2.0/thumb/v6-m/nofp/libgcc.a(bpabi.o)
 .debug_loclists
                0x0000013c      0x212 /usr/lib/gcc/arm-none-eabi/14.2.0/thumb/v6-m/nofp/libgcc.a(_divdi3.o)
 .debug_loclists
                0x0000034e       0xf5 /usr/lib/gcc/arm-none-eabi/14.2.0/../../../../arm-none-eabi/lib/thumb/v6-m/nofp/libc_nano.a(libc_a-memcmp.o)
 .debug_loclists
                0x00000443       0x80 /usr/lib/gcc/arm-none-eabi/14.2.0/../../../../arm-none-eabi/lib/thumb/v6-m/nofp/libc_nano.a(libc_a-memset.o)
 .debug_loclists
                0x000004c3       0xef /usr/lib/gcc/arm-none-eabi/14.2.0/../../../../arm-none-eabi/lib/thumb/v6-m/nofp/libc_nano.a(libc_a-strncpy.o)
 .debug_loclists
                0x000005b2       0x29 /usr/lib/gcc/arm-none-eabi/14.2.0/../../../../arm-none-eabi/lib/thumb/v6-m/nofp/libc_nano.a(libc_a-strcpy.o)
 .debug_loclists
                0x000005db       0xaf /usr/lib/gcc/arm-none-eabi/14.2.0/../../../../arm-none-eabi/lib/thumb/v6-m/nofp/libc_nano.a(libc_a-memcpy-stub.o)

.debug_rnglists
                0x00000000       0xc3
 .debug_rnglists
                0x00000000       0x2b /usr/lib/gcc/arm-none-eabi/14.2.0/thumb/v6-m/nofp/libgcc.a(_muldi3.o)
 .debug_rnglists
                0x0000002b       0x13 /usr/lib/gcc/arm-none-eabi/14.2.0/thumb/v6-m/nofp/libgcc.a(bpabi.o)
 .debug_rnglists
                0x0000003e       0x26 /usr/lib/gcc/arm-none-eabi/14.2.0/thumb/v6-m/nofp/libgcc.a(_divdi3.o)
 .debug_rnglists
                0x00000064       0x13 /usr/lib/gcc/arm-none-eabi/14.2.0/../../../../arm-none-eabi/lib/thumb/v6-m/nofp/libc_nano.a(libc_a-memcmp.o)
 .debug_rnglists
                0x00000077       0x13 /usr/lib/gcc/arm-none-eabi/14.2.0/../../../../arm-none-eabi/lib/thumb/v6-m/nofp/libc_nano.a(libc_a-memset.o)
 .debug_rnglists
                0x0000008a       0x13 /usr/lib/gcc/arm-none-eabi/14.2.0/../../../../arm-none-eabi/lib/thumb/v6-m/nofp/libc_nano.a(libc_a-strncpy.o)
 .debug_rnglists
                0x0000009d       0x13 /usr/lib/gcc/arm-none-eabi/14.2.0/../../../../arm-none-eabi/lib/thumb/v6-m/nofp/libc_nano.a(libc_a-strcpy.o)
 .debug_rnglists
                0x000000b0       0x13 /usr/lib/gcc/arm-none-eabi/14.2.0/../../../../arm-none-eabi/lib/thumb/v6-m/nofp/libc_nano.a(libc_a-memcpy-stub.o)
