Archive member included to satisfy reference by file (symbol)

/usr/lib/gcc/arm-none-eabi/14.2.0/thumb/v6-m/nofp/libgcc.a(_thumb1_case_sqi.o)
                              /tmp/ccnhgyTU.ltrans0.ltrans.o (__gnu_thumb1_case_sqi)
/usr/lib/gcc/arm-none-eabi/14.2.0/thumb/v6-m/nofp/libgcc.a(_thumb1_case_uqi.o)
                              /tmp/ccnhgyTU.ltrans0.ltrans.o (__gnu_thumb1_case_uqi)
/usr/lib/gcc/arm-none-eabi/14.2.0/thumb/v6-m/nofp/libgcc.a(_thumb1_case_shi.o)
                              /tmp/ccnhgyTU.ltrans0.ltrans.o (__gnu_thumb1_case_shi)
/usr/lib/gcc/arm-none-eabi/14.2.0/thumb/v6-m/nofp/libgcc.a(_thumb1_case_uhi.o)
                              /tmp/ccnhgyTU.ltrans0.ltrans.o (__gnu_thumb1_case_uhi)
/usr/lib/gcc/arm-none-eabi/14.2.0/thumb/v6-m/nofp/libgcc.a(_udivsi3.o)
                              /tmp/ccnhgyTU.ltrans0.ltrans.o (__aeabi_uidiv)
/usr/lib/gcc/arm-none-eabi/14.2.0/thumb/v6-m/nofp/libgcc.a(_divsi3.o)
                              /tmp/ccnhgyTU.ltrans0.ltrans.o (__aeabi_idiv)
/usr/lib/gcc/arm-none-eabi/14.2.0/thumb/v6-m/nofp/libgcc.a(_dvmd_tls.o)
                              /usr/lib/gcc/arm-none-eabi/14.2.0/thumb/v6-m/nofp/libgcc.a(_udivsi3.o) (__aeabi_idiv0)
/usr/lib/gcc/arm-none-eabi/14.2.0/thumb/v6-m/nofp/libgcc.a(_aeabi_ldivmod.o)
                              /tmp/ccnhgyTU.ltrans0.ltrans.o (__aeabi_ldivmod)
/usr/lib/gcc/arm-none-eabi/14.2.0/thumb/v6-m/nofp/libgcc.a(_muldi3.o)
                              /tmp/ccnhgyTU.ltrans0.ltrans.o (__aeabi_lmul)
/usr/lib/gcc/arm-none-eabi/14.2.0/thumb/v6-m/nofp/libgcc.a(bpabi.o)
                              /usr/lib/gcc/arm-none-eabi/14.2.0/thumb/v6-m/nofp/libgcc.a(_aeabi_ldivmod.o) (__gnu_ldivmod_helper)
/usr/lib/gcc/arm-none-eabi/14.2.0/thumb/v6-m/nofp/libgcc.a(_divdi3.o)
                              /usr/lib/gcc/arm-none-eabi/14.2.0/thumb/v6-m/nofp/libgcc.a(bpabi.o) (__divdi3)
/usr/lib/gcc/arm-none-eabi/14.2.0/thumb/v6-m/nofp/libgcc.a(_lshrdi3.o)
                              /usr/lib/gcc/arm-none-eabi/14.2.0/thumb/v6-m/nofp/libgcc.a(_divdi3.o) (__aeabi_llsr)
/usr/lib/gcc/arm-none-eabi/14.2.0/thumb/v6-m/nofp/libgcc.a(_ashldi3.o)
                              /usr/lib/gcc/arm-none-eabi/14.2.0/thumb/v6-m/nofp/libgcc.a(_divdi3.o) (__aeabi_llsl)
/usr/lib/gcc/arm-none-eabi/14.2.0/thumb/v6-m/nofp/libgcc.a(_clzdi2.o)
                              /usr/lib/gcc/arm-none-eabi/14.2.0/thumb/v6-m/nofp/libgcc.a(_divdi3.o) (__clzdi2)
/usr/lib/gcc/arm-none-eabi/14.2.0/thumb/v6-m/nofp/libgcc.a(_clzsi2.o)
                              /usr/lib/gcc/arm-none-eabi/14.2.0/thumb/v6-m/nofp/libgcc.a(_clzdi2.o) (__clzsi2)
/usr/lib/gcc/arm-none-eabi/14.2.0/../../../../arm-none-eabi/lib/thumb/v6-m/nofp/libc_nano.a(libc_a-memcmp.o)
                              /tmp/ccnhgyTU.ltrans0.ltrans.o (memcmp)
/usr/lib/gcc/arm-none-eabi/14.2.0/../../../../arm-none-eabi/lib/thumb/v6-m/nofp/libc_nano.a(libc_a-memset.o)
                              /tmp/ccnhgyTU.ltrans0.ltrans.o (memset)
/usr/lib/gcc/arm-none-eabi/14.2.0/../../../../arm-none-eabi/lib/thumb/v6-m/nofp/libc_nano.a(libc_a-strncpy.o)
                              /tmp/ccnhgyTU.ltrans0.ltrans.o (strncpy)
/usr/lib/gcc/arm-none-eabi/14.2.0/../../../../arm-none-eabi/lib/thumb/v6-m/nofp/libc_nano.a(libc_a-strcpy.o)
                              /tmp/ccnhgyTU.ltrans0.ltrans.o (strcpy)
/usr/lib/gcc/arm-none-eabi/14.2.0/../../../../arm-none-eabi/lib/thumb/v6-m/nofp/libc_nano.a(libc_a-memcpy-stub.o)
                              /tmp/ccnhgyTU.ltrans0.ltrans.o (memcpy)
/usr/lib/gcc/arm-none-eabi/14.2.0/../../../../arm-none-eabi/lib/thumb/v6-m/nofp/libc_nano.a(libc_a-strlen.o)
                              /tmp/ccnhgyTU.ltrans0.ltrans.o (strlen)

There are no discarded input sections

Memory Configuration

Name             Origin             Length             Attributes
FLASH            0x00000000         0x0000f000         xr
RAM              0x20000000         0x00004000         xrw
*default*        0x00000000         0xffffffff

Linker script and memory map

                0x20004000                        _estack = 0x20004000
                0x00000000                        _Min_Heap_Size = 0x0
                0x00000080                        _Min_Stack_Size = 0x80

.text           0x00000000     0xdb48
                0x00000000                        . = ALIGN (0x4)
 *(.text.isr)
 .text.isr      0x00000000       0xc0 start.o
                0x00000000                Stack
 *(.text)
 .text          0x000000c0       0x60 start.o
                0x0000010a                HandlerReset
 .text          0x00000120     0x9060 /tmp/ccnhgyTU.ltrans0.ltrans.o
                0x00000120                _out_buffer.lto_priv.0
                0x00000128                _out_null.lto_priv.0
                0x00000908                BSS_Init
                0x00000920                DATA_Init
                0x00000948                _ntoa_long.lto_priv.0
                0x00000b0a                sprintf_
                0x00000d6c                snprintf_
                0x00000d82                BACKLIGHT_TurnOff
                0x00000da8                BACKLIGHT_TurnOn
                0x00000e0c                AUDIO_AudioPathOff
                0x00000e1c                BK4819_ReadRegister
                0x00000ed4                SYSTICK_DelayUs
                0x00000fc0                BK4819_WriteRegister
                0x00001380                BK4819_InitAGC
                0x00001400                BK4819_ToggleGpioOut
                0x00001650                BK4819_Sleep
                0x00001666                BK4819_Conditional_RX_TurnOn_and_GPIO6_Enable
                0x00001684                BK4819_GetCxCSSScanResult
                0x000016e0                BK4819_SetScanFrequency
                0x000016f6                BK4819_PlayRoger
                0x00001910                I2C_Stop
                0x00001970                I2C_Write
                0x00001b5c                EEPROM_ReadBuffer
                0x00001e4c                EEPROM_WriteBuffer
                0x000021b4                KEYBOARD_Poll
                0x00002274                ST7565_BlitFullScreen
                0x000022dc                ST7565_BlitStatusLine
                0x00002338                ST7565_HardwareReset
                0x0000237c                ST7565_Init
                0x00002478                ST7565_FillScreen
                0x000024d8                UART_Send
                0x000024fc                __NVIC_SystemReset.lto_priv.0.lto_priv.0
                0x000024fc                __NVIC_SystemReset.lto_priv.2.lto_priv.0
                0x00002518                UpdateRSSI.lto_priv.0
                0x00002538                cancelUserInputModes
                0x0000257c                FM_Start
                0x0000267c                ResetScanStats.lto_priv.0
                0x00002718                RemoveTrailZeros
                0x000027b8                SCANNER_IsScanning
                0x000027d8                SendReply.lto_priv.0
                0x00002864                SendVersion.lto_priv.0
                0x00002898                BOARD_ADC_GetBatteryInfo
                0x000028d8                BOARD_EEPROM_LoadCalibration
                0x000029e4                BOARD_fetchChannelFrequency
                0x000029fc                BOARD_EEPROM_Init
                0x00002c50                DCS_GetCdcssCode
                0x00002cac                DCS_GetCtcssCode
                0x00002cd8                FUNCTION_Init
                0x00002d4c                FUNCTION_Select
                0x0000307c                CheckForIncoming.lto_priv.0
                0x000030b0                APP_StartListening
                0x00003258                BATTERY_VoltsToPercent
                0x000032f4                GetSLevelAttributes
                0x0000337c                RADIO_CheckValidChannel
                0x000035f0                RADIO_SelectVfos
                0x00003608                RADIO_SetupRegisters
                0x000039ec                RADIO_EnableCxCSS
                0x00003a38                SystickHandler
                0x00003b94                SETTINGS_FetchChannelName
                0x00003d24                RADIO_ConfigureChannel
                0x00004218                UI_DrawBattery
                0x00004270                UI_DisplayBattery
                0x000042d0                UI_PrintString
                0x00004358                UI_PrintStringSmall
                0x00004670                UI_PrintStringSmallBuffer
                0x000046ac                UI_DisplayFrequency
                0x00004744                UI_DisplayPopup
                0x00004df8                GUI_DisplaySmallest
                0x00005330                APP_RunSpectrum
                0x000072c4                INPUTBOX_GetAscii
                0x000072ec                UI_DisplayAudioBar
                0x00007370                UI_MENU_GetCurrentMenuId
                0x0000791c                BATTERY_GetReadings
                0x00007a18                UI_DisplayMenu
                0x00008148                ProcessKey.lto_priv.0
 .text          0x00009180     0x28fc /tmp/ccnhgyTU.ltrans1.ltrans.o
                0x00009180                UI_MENU_IsAllowedToEdit
                0x000091a4                UI_DisplayStatus
                0x000092d8                GUI_DisplayScreen
                0x00009894                GUI_SelectNextDisplay
                0x000098f8                APP_EndTransmission.constprop.0
                0x00009928                FormatFrequency.constprop.0
                0x00009960                DrawLevelBar.constprop.0
                0x000099cc                UI_GenerateChannelStringEx.constprop.0
                0x00009a0c                BK4819_SetAGC.constprop.0
                0x00009a2c                Main
                0x0000b408                _vsnprintf.constprop.0
                0x0000b85c                InitScan.isra.0
                0x0000b95c                I2C_WriteBuffer.isra.0
                0x0000b97e                I2C_ReadBuffer.part.0.isra.0
 .text          0x0000ba7c       0x14 /usr/lib/gcc/arm-none-eabi/14.2.0/thumb/v6-m/nofp/libgcc.a(_thumb1_case_sqi.o)
                0x0000ba7c                __gnu_thumb1_case_sqi
 .text          0x0000ba90       0x14 /usr/lib/gcc/arm-none-eabi/14.2.0/thumb/v6-m/nofp/libgcc.a(_thumb1_case_uqi.o)
                0x0000ba90                __gnu_thumb1_case_uqi
 .text          0x0000baa4       0x14 /usr/lib/gcc/arm-none-eabi/14.2.0/thumb/v6-m/nofp/libgcc.a(_thumb1_case_shi.o)
                0x0000baa4                __gnu_thumb1_case_shi
 .text          0x0000bab8       0x14 /usr/lib/gcc/arm-none-eabi/14.2.0/thumb/v6-m/nofp/libgcc.a(_thumb1_case_uhi.o)
                0x0000bab8                __gnu_thumb1_case_uhi
 .text          0x0000bacc       0x8c /usr/lib/gcc/arm-none-eabi/14.2.0/thumb/v6-m/nofp/libgcc.a(_udivsi3.o)
                0x0000bacc                __udivsi3
                0x0000bacc                __aeabi_uidiv
                0x0000bb44                __aeabi_uidivmod
 .text          0x0000bb58       0xa8 /usr/lib/gcc/arm-none-eabi/14.2.0/thumb/v6-m/nofp/libgcc.a(_divsi3.o)
                0x0000bb58                __aeabi_idiv
                0x0000bb58                __divsi3
                0x0000bbec                __aeabi_idivmod
 .text          0x0000bc00        0x4 /usr/lib/gcc/arm-none-eabi/14.2.0/thumb/v6-m/nofp/libgcc.a(_dvmd_tls.o)
                0x0000bc00                __aeabi_ldiv0
                0x0000bc00                __aeabi_idiv0
 .text          0x0000bc04       0x48 /usr/lib/gcc/arm-none-eabi/14.2.0/thumb/v6-m/nofp/libgcc.a(_aeabi_ldivmod.o)
                0x0000bc04                __aeabi_ldivmod
 .text          0x0000bc4c        0x0 /usr/lib/gcc/arm-none-eabi/14.2.0/thumb/v6-m/nofp/libgcc.a(_muldi3.o)
 .text          0x0000bc4c        0x0 /usr/lib/gcc/arm-none-eabi/14.2.0/thumb/v6-m/nofp/libgcc.a(bpabi.o)
 .text          0x0000bc4c        0x0 /usr/lib/gcc/arm-none-eabi/14.2.0/thumb/v6-m/nofp/libgcc.a(_divdi3.o)
 .text          0x0000bc4c       0x18 /usr/lib/gcc/arm-none-eabi/14.2.0/thumb/v6-m/nofp/libgcc.a(_lshrdi3.o)
                0x0000bc4c                __aeabi_llsr
                0x0000bc4c                __lshrdi3
 .text          0x0000bc64       0x18 /usr/lib/gcc/arm-none-eabi/14.2.0/thumb/v6-m/nofp/libgcc.a(_ashldi3.o)
                0x0000bc64                __ashldi3
                0x0000bc64                __aeabi_llsl
 .text          0x0000bc7c       0x18 /usr/lib/gcc/arm-none-eabi/14.2.0/thumb/v6-m/nofp/libgcc.a(_clzdi2.o)
                0x0000bc7c                __clzdi2
 .text          0x0000bc94       0x3c /usr/lib/gcc/arm-none-eabi/14.2.0/thumb/v6-m/nofp/libgcc.a(_clzsi2.o)
                0x0000bc94                __clzsi2
 .text          0x0000bcd0        0x0 /usr/lib/gcc/arm-none-eabi/14.2.0/../../../../arm-none-eabi/lib/thumb/v6-m/nofp/libc_nano.a(libc_a-memcmp.o)
 .text          0x0000bcd0        0x0 /usr/lib/gcc/arm-none-eabi/14.2.0/../../../../arm-none-eabi/lib/thumb/v6-m/nofp/libc_nano.a(libc_a-memset.o)
 .text          0x0000bcd0        0x0 /usr/lib/gcc/arm-none-eabi/14.2.0/../../../../arm-none-eabi/lib/thumb/v6-m/nofp/libc_nano.a(libc_a-strncpy.o)
 .text          0x0000bcd0        0x0 /usr/lib/gcc/arm-none-eabi/14.2.0/../../../../arm-none-eabi/lib/thumb/v6-m/nofp/libc_nano.a(libc_a-strcpy.o)
 .text          0x0000bcd0        0x0 /usr/lib/gcc/arm-none-eabi/14.2.0/../../../../arm-none-eabi/lib/thumb/v6-m/nofp/libc_nano.a(libc_a-memcpy-stub.o)
 .text          0x0000bcd0        0xe /usr/lib/gcc/arm-none-eabi/14.2.0/../../../../arm-none-eabi/lib/thumb/v6-m/nofp/libc_nano.a(libc_a-strlen.o)
                0x0000bcd0                strlen
 *(.text*)
 .text.__muldi3
                0x0000bcde       0x44 /usr/lib/gcc/arm-none-eabi/14.2.0/thumb/v6-m/nofp/libgcc.a(_muldi3.o)
                0x0000bcde                __aeabi_lmul
                0x0000bcde                __muldi3
 .text.__gnu_ldivmod_helper
                0x0000bd22       0x30 /usr/lib/gcc/arm-none-eabi/14.2.0/thumb/v6-m/nofp/libgcc.a(bpabi.o)
                0x0000bd22                __gnu_ldivmod_helper
 .text.__divdi3
                0x0000bd52      0x12c /usr/lib/gcc/arm-none-eabi/14.2.0/thumb/v6-m/nofp/libgcc.a(_divdi3.o)
                0x0000bd52                __divdi3
 .text.memcmp   0x0000be7e       0x1c /usr/lib/gcc/arm-none-eabi/14.2.0/../../../../arm-none-eabi/lib/thumb/v6-m/nofp/libc_nano.a(libc_a-memcmp.o)
                0x0000be7e                memcmp
 .text.memset   0x0000be9a       0x10 /usr/lib/gcc/arm-none-eabi/14.2.0/../../../../arm-none-eabi/lib/thumb/v6-m/nofp/libc_nano.a(libc_a-memset.o)
                0x0000be9a                memset
 .text.strncpy  0x0000beaa       0x28 /usr/lib/gcc/arm-none-eabi/14.2.0/../../../../arm-none-eabi/lib/thumb/v6-m/nofp/libc_nano.a(libc_a-strncpy.o)
                0x0000beaa                strncpy
 .text.strcpy   0x0000bed2       0x10 /usr/lib/gcc/arm-none-eabi/14.2.0/../../../../arm-none-eabi/lib/thumb/v6-m/nofp/libc_nano.a(libc_a-strcpy.o)
                0x0000bed2                strcpy
 .text.memcpy   0x0000bee2       0x12 /usr/lib/gcc/arm-none-eabi/14.2.0/../../../../arm-none-eabi/lib/thumb/v6-m/nofp/libc_nano.a(libc_a-memcpy-stub.o)
                0x0000bee2                memcpy
 *(.rodata)
 .rodata        0x0000bef4     0x14dc /tmp/ccnhgyTU.ltrans0.ltrans.o
                0x0000bef4                scanStepValues.lto_priv.0
                0x0000bf70                bwNames
                0x0000bf84                gModulationStr
                0x0000c042                Obfuscation.lto_priv.0
                0x0000c052                Version
                0x0000c060                CTCSS_Options
                0x0000c3aa                MenuList
                0x0000ce4e                bIsInLockScreen
                0x0000ce4e                bHasCustomAesKey
                0x0000ce4f                scan_delay_10ms
                0x0000ce50                DCS_Options
                0x0000cf20                BParams.lto_priv.0
                0x0000d2d4                vfo_state_resume_countdown_500ms
                0x0000d2d6                battery_save_count_10ms
 .rodata        0x0000d3d0       0x79 /tmp/ccnhgyTU.ltrans1.ltrans.o
 *(.rodata*)
 .rodata.str1.1
                0x0000d449      0x6fd /tmp/ccnhgyTU.ltrans0.ltrans.o
                                0x5fa (size before relaxing)
 .rodata.str1.1
                0x0000db46      0x16b /tmp/ccnhgyTU.ltrans1.ltrans.o
 .rodata.cst2   0x0000db46        0x2 /tmp/ccnhgyTU.ltrans1.ltrans.o
 *(.glue_7)
 .glue_7        0x0000db48        0x0 linker stubs
 *(.glue_7t)
 .glue_7t       0x0000db48        0x0 linker stubs
 *(.eh_frame)
 *(.fini)
                0x0000dcb4                        . = ALIGN (0x4)
                0x0000db48                        _etext = .

.ARM.extab.text.__divdi3
                0x0000db48        0x0
 .ARM.extab.text.__divdi3
                0x0000db48        0x0 /usr/lib/gcc/arm-none-eabi/14.2.0/thumb/v6-m/nofp/libgcc.a(_divdi3.o)

.ARM.exidx.text.__divdi3
                0x0000db48        0x8
 .ARM.exidx.text.__divdi3
                0x0000db48        0x8 /usr/lib/gcc/arm-none-eabi/14.2.0/thumb/v6-m/nofp/libgcc.a(_divdi3.o)

.vfp11_veneer   0x0000db50        0x0
 .vfp11_veneer  0x0000db50        0x0 linker stubs

.v4_bx          0x0000db50        0x0
 .v4_bx         0x0000db50        0x0 linker stubs

.iplt           0x0000db50        0x0
 .iplt          0x0000db50        0x0 start.o

.rel.dyn        0x0000db50        0x0
 .rel.iplt      0x0000db50        0x0 start.o
                0x0000db50                        . = ALIGN (0x4)
                0x0000db50                        flash_data_start = .

.data           0x20000000      0x178 load address 0x0000db50
                0x20000000                        . = ALIGN (0x4)
                0x20000000                        sram_data_start = .
 *(.sramtext)
 *(.srambss)
 *(.data)
 .data          0x20000000        0x0 start.o
 .data          0x20000000      0x174 /tmp/ccnhgyTU.ltrans0.ltrans.o
                0x20000004                gScanRangeStop
                0x20000008                gScanRangeStart
                0x2000000c                settings
                0x2000005a                bIsEncrypted.lto_priv.0
                0x2000005c                gBatterySaveCountdown_10ms
 .data          0x20000174        0x3 /tmp/ccnhgyTU.ltrans1.ltrans.o
 .data          0x20000177        0x0 /usr/lib/gcc/arm-none-eabi/14.2.0/thumb/v6-m/nofp/libgcc.a(_thumb1_case_sqi.o)
 .data          0x20000177        0x0 /usr/lib/gcc/arm-none-eabi/14.2.0/thumb/v6-m/nofp/libgcc.a(_thumb1_case_uqi.o)
 .data          0x20000177        0x0 /usr/lib/gcc/arm-none-eabi/14.2.0/thumb/v6-m/nofp/libgcc.a(_thumb1_case_shi.o)
 .data          0x20000177        0x0 /usr/lib/gcc/arm-none-eabi/14.2.0/thumb/v6-m/nofp/libgcc.a(_thumb1_case_uhi.o)
 .data          0x20000177        0x0 /usr/lib/gcc/arm-none-eabi/14.2.0/thumb/v6-m/nofp/libgcc.a(_udivsi3.o)
 .data          0x20000177        0x0 /usr/lib/gcc/arm-none-eabi/14.2.0/thumb/v6-m/nofp/libgcc.a(_divsi3.o)
 .data          0x20000177        0x0 /usr/lib/gcc/arm-none-eabi/14.2.0/thumb/v6-m/nofp/libgcc.a(_dvmd_tls.o)
 .data          0x20000177        0x0 /usr/lib/gcc/arm-none-eabi/14.2.0/thumb/v6-m/nofp/libgcc.a(_aeabi_ldivmod.o)
 .data          0x20000177        0x0 /usr/lib/gcc/arm-none-eabi/14.2.0/thumb/v6-m/nofp/libgcc.a(_muldi3.o)
 .data          0x20000177        0x0 /usr/lib/gcc/arm-none-eabi/14.2.0/thumb/v6-m/nofp/libgcc.a(bpabi.o)
 .data          0x20000177        0x0 /usr/lib/gcc/arm-none-eabi/14.2.0/thumb/v6-m/nofp/libgcc.a(_divdi3.o)
 .data          0x20000177        0x0 /usr/lib/gcc/arm-none-eabi/14.2.0/thumb/v6-m/nofp/libgcc.a(_lshrdi3.o)
 .data          0x20000177        0x0 /usr/lib/gcc/arm-none-eabi/14.2.0/thumb/v6-m/nofp/libgcc.a(_ashldi3.o)
 .data          0x20000177        0x0 /usr/lib/gcc/arm-none-eabi/14.2.0/thumb/v6-m/nofp/libgcc.a(_clzdi2.o)
 .data          0x20000177        0x0 /usr/lib/gcc/arm-none-eabi/14.2.0/thumb/v6-m/nofp/libgcc.a(_clzsi2.o)
 .data          0x20000177        0x0 /usr/lib/gcc/arm-none-eabi/14.2.0/../../../../arm-none-eabi/lib/thumb/v6-m/nofp/libc_nano.a(libc_a-memcmp.o)
 .data          0x20000177        0x0 /usr/lib/gcc/arm-none-eabi/14.2.0/../../../../arm-none-eabi/lib/thumb/v6-m/nofp/libc_nano.a(libc_a-memset.o)
 .data          0x20000177        0x0 /usr/lib/gcc/arm-none-eabi/14.2.0/../../../../arm-none-eabi/lib/thumb/v6-m/nofp/libc_nano.a(libc_a-strncpy.o)
 .data          0x20000177        0x0 /usr/lib/gcc/arm-none-eabi/14.2.0/../../../../arm-none-eabi/lib/thumb/v6-m/nofp/libc_nano.a(libc_a-strcpy.o)
 .data          0x20000177        0x0 /usr/lib/gcc/arm-none-eabi/14.2.0/../../../../arm-none-eabi/lib/thumb/v6-m/nofp/libc_nano.a(libc_a-memcpy-stub.o)
 .data          0x20000177        0x0 /usr/lib/gcc/arm-none-eabi/14.2.0/../../../../arm-none-eabi/lib/thumb/v6-m/nofp/libc_nano.a(libc_a-strlen.o)
 *(.data*)
                0x20000178                        . = ALIGN (0x4)
 *fill*         0x20000177        0x1 
                0x20000178                        _edata = .
                0x20000178                        sram_data_end = .

.igot.plt       0x20000178        0x0 load address 0x0000dcc8
 .igot.plt      0x20000178        0x0 start.o
                0x20000178                        . = ALIGN (0x4)

.bss            0x20000178     0x3358 load address 0x0000dcc8
                0x20000178                        _sbss = .
                0x20000178                        __bss_start__ = _sbss
 *(.bss)
 .bss           0x20000178        0x0 start.o
 .bss           0x20000178     0x313c /tmp/ccnhgyTU.ltrans0.ltrans.o
                0x20000178                gTxVfo
                0x2000017e                gScreenToDisplay
                0x2000017f                gCurrentFunction
                0x20000183                appMode
                0x20000188                scanInfo
                0x200002a7                gInputBoxIndex
                0x200002a8                gInputBox
                0x200002b6                gBacklightCountdown
                0x200002bc                gTickMultiplier.lto_priv.0
                0x200002d2                gForceModulation
                0x200002d4                gBK4819_GpioOutState.lto_priv.0
                0x200002da                bl
                0x200002de                gRxIdleMode
                0x200002df                gVfoConfigureMode
                0x200002e2                Ptt_Toggle_Mode
                0x200002e4                gSetting_ScrambleEnable
                0x200002e5                gSetting_battery_text
                0x200002e8                gCurrentRSSI
                0x200002ea                gWasFKeyPressed
                0x200002eb                gKeyInputCountdown
                0x200002ec                gUpdateStatus
                0x200002ed                gUpdateDisplay
                0x200002ee                gFmRadioMode
                0x200002ef                gFM_ScanState
                0x200002f0                gFM_RestoreCountdown_10ms
                0x200002f5                gAskToSave
                0x200002fc                gCssBackgroundScan
                0x20000336                gBatteryCalibration
                0x20000342                gCurrentCodeType
                0x20000343                g_CxCSS_TAIL_Found
                0x20000344                g_CDCSS_Lost
                0x20000345                g_CTCSS_Lost
                0x20000346                g_SquelchLost
                0x20000347                gFlagTailNoteEliminationComplete
                0x20000348                gTailNoteEliminationCountdown_10ms
                0x2000034a                gFoundCTCSS
                0x2000034b                gFoundCDCSS
                0x2000034c                gFoundCTCSSCountdown_10ms
                0x2000034d                gFoundCDCSSCountdown_10ms
                0x2000034e                gEndOfRxDetectedMaybe
                0x2000034f                gMonitor
                0x20000350                gPowerSave_10ms
                0x20000352                gPowerSaveCountdownExpired
                0x20000359                gSchedulePowerSave
                0x2000035a                gUpdateRSSI
                0x2000035b                gTxVfoIsActive
                0x2000035c                gSerialConfigCountDown_500ms
                0x2000035d                gFlagEndTransmission
                0x2000035e                VfoState
                0x2000035f                gVFOStateResumeCountdown_500ms
                0x20000360                gPttIsPressed
                0x20000363                gPttDebounceCounter
                0x20000364                gRequestSaveVFO
                0x20000370                gFlagReconfigureVfos
                0x20000371                gScanSingleFrequency
                0x20000372                gScanCssState
                0x20000374                gScanFrequency
                0x20000378                gScanDelay_10ms
                0x20000379                gScanCssResultCode
                0x2000037a                gScanCssResultType
                0x2000037b                scanHitCount
                0x2000037c                gScanUseCssResult
                0x2000037d                gCDCSSCodeType
                0x2000037e                gScanProgressIndicator
                0x20000384                gNextTimeslice
                0x20000385                gNextTimeslice_500ms
                0x20000386                gNextTimeslice_vfo_nums
                0x20000388                gTxTimerCountdown_500ms
                0x2000038a                gTxTimeoutReached
                0x2000038d                gNextTimeslice40ms
                0x20000392                boot_counter_10ms
                0x200003c6                BPRssiTriggerLevelUp
                0x2000048e                gBatteryCheckCounter
                0x20000490                gBatteryVoltages
                0x200004ae                nextBandToScanIndex.lto_priv.0
                0x200004b9                gLowBattery
                0x200004ba                gLowBatteryConfirmed
                0x200004d1                gKeyLockCountdown
                0x200004d2                gIsInSubMenu
                0x200004d8                gMenuListCount
                0x200004da                gBatteryDisplayLevel
                0x200004dc                gBatteryVoltageAverage
                0x200004de                gLowBatteryBlink
                0x200004e0                lowBatteryCountdown
                0x200004e2                gAskForConfirmation
                0x200004e6                gMenuCountdown
                0x200004e8                gKeypadLocked
                0x200004e9                gFlashLightState
                0x20000ccc                gMR_ChannelAttributes
                0x200014a5                gMR_ChannelFrequencyAttributes
                0x20002446                scanChannel
                0x20002e2c                gEnableSpeaker
                0x20002e2d                gStatusLine
                0x20002ead                gFrameBuffer
                0x20003230                gEeprom
 .bss           0x200032b4      0x21c /tmp/ccnhgyTU.ltrans1.ltrans.o
 .bss           0x200034d0        0x0 /usr/lib/gcc/arm-none-eabi/14.2.0/thumb/v6-m/nofp/libgcc.a(_thumb1_case_sqi.o)
 .bss           0x200034d0        0x0 /usr/lib/gcc/arm-none-eabi/14.2.0/thumb/v6-m/nofp/libgcc.a(_thumb1_case_uqi.o)
 .bss           0x200034d0        0x0 /usr/lib/gcc/arm-none-eabi/14.2.0/thumb/v6-m/nofp/libgcc.a(_thumb1_case_shi.o)
 .bss           0x200034d0        0x0 /usr/lib/gcc/arm-none-eabi/14.2.0/thumb/v6-m/nofp/libgcc.a(_thumb1_case_uhi.o)
 .bss           0x200034d0        0x0 /usr/lib/gcc/arm-none-eabi/14.2.0/thumb/v6-m/nofp/libgcc.a(_udivsi3.o)
 .bss           0x200034d0        0x0 /usr/lib/gcc/arm-none-eabi/14.2.0/thumb/v6-m/nofp/libgcc.a(_divsi3.o)
 .bss           0x200034d0        0x0 /usr/lib/gcc/arm-none-eabi/14.2.0/thumb/v6-m/nofp/libgcc.a(_dvmd_tls.o)
 .bss           0x200034d0        0x0 /usr/lib/gcc/arm-none-eabi/14.2.0/thumb/v6-m/nofp/libgcc.a(_aeabi_ldivmod.o)
 .bss           0x200034d0        0x0 /usr/lib/gcc/arm-none-eabi/14.2.0/thumb/v6-m/nofp/libgcc.a(_muldi3.o)
 .bss           0x200034d0        0x0 /usr/lib/gcc/arm-none-eabi/14.2.0/thumb/v6-m/nofp/libgcc.a(bpabi.o)
 .bss           0x200034d0        0x0 /usr/lib/gcc/arm-none-eabi/14.2.0/thumb/v6-m/nofp/libgcc.a(_divdi3.o)
 .bss           0x200034d0        0x0 /usr/lib/gcc/arm-none-eabi/14.2.0/thumb/v6-m/nofp/libgcc.a(_lshrdi3.o)
 .bss           0x200034d0        0x0 /usr/lib/gcc/arm-none-eabi/14.2.0/thumb/v6-m/nofp/libgcc.a(_ashldi3.o)
 .bss           0x200034d0        0x0 /usr/lib/gcc/arm-none-eabi/14.2.0/thumb/v6-m/nofp/libgcc.a(_clzdi2.o)
 .bss           0x200034d0        0x0 /usr/lib/gcc/arm-none-eabi/14.2.0/thumb/v6-m/nofp/libgcc.a(_clzsi2.o)
 .bss           0x200034d0        0x0 /usr/lib/gcc/arm-none-eabi/14.2.0/../../../../arm-none-eabi/lib/thumb/v6-m/nofp/libc_nano.a(libc_a-memcmp.o)
 .bss           0x200034d0        0x0 /usr/lib/gcc/arm-none-eabi/14.2.0/../../../../arm-none-eabi/lib/thumb/v6-m/nofp/libc_nano.a(libc_a-memset.o)
 .bss           0x200034d0        0x0 /usr/lib/gcc/arm-none-eabi/14.2.0/../../../../arm-none-eabi/lib/thumb/v6-m/nofp/libc_nano.a(libc_a-strncpy.o)
 .bss           0x200034d0        0x0 /usr/lib/gcc/arm-none-eabi/14.2.0/../../../../arm-none-eabi/lib/thumb/v6-m/nofp/libc_nano.a(libc_a-strcpy.o)
 .bss           0x200034d0        0x0 /usr/lib/gcc/arm-none-eabi/14.2.0/../../../../arm-none-eabi/lib/thumb/v6-m/nofp/libc_nano.a(libc_a-memcpy-stub.o)
 .bss           0x200034d0        0x0 /usr/lib/gcc/arm-none-eabi/14.2.0/../../../../arm-none-eabi/lib/thumb/v6-m/nofp/libc_nano.a(libc_a-strlen.o)
 *(.bss*)
 *(COMMON)
                0x200034d0                        . = ALIGN (0x4)
                0x200034d0                        _ebss = .
                0x200034d0                        __bss_end__ = _ebss

._user_heap_stack
                0x200034d0       0x80 load address 0x0000dcc8
                0x200034d0                        . = ALIGN (0x4)
                0x200034d0                        . = (. + _Min_Heap_Size)
                0x20003550                        . = (. + _Min_Stack_Size)
 *fill*         0x200034d0       0x80 
                0x20003550                        . = ALIGN (0x4)
                0x200034d0                        _sheap = _ebss
                0x20003f80                        _eheap = (_estack - _Min_Stack_Size)
LOAD start.o
LOAD init.o
LOAD /tmp/ccnhgyTU.ltrans0.ltrans.o
LOAD /tmp/ccnhgyTU.ltrans1.ltrans.o
LOAD external/printf/printf.o
LOAD driver/adc.o
LOAD driver/backlight.o
LOAD driver/bk1080.o
LOAD driver/bk4819.o
LOAD driver/crc.o
LOAD driver/eeprom.o
LOAD driver/gpio.o
LOAD driver/i2c.o
LOAD driver/keyboard.o
LOAD driver/spi.o
LOAD driver/st7565.o
LOAD driver/system.o
LOAD driver/systick.o
LOAD driver/uart.o
LOAD app/action.o
LOAD app/app.o
LOAD app/common.o
LOAD app/fm.o
LOAD app/generic.o
LOAD app/main.o
LOAD app/menu.o
LOAD app/spectrum.o
LOAD app/scanner.o
LOAD app/uart.o
LOAD bitmaps.o
LOAD board.o
LOAD dcs.o
LOAD font.o
LOAD frequencies.o
LOAD functions.o
LOAD helper/battery.o
LOAD helper/boot.o
LOAD misc.o
LOAD radio.o
LOAD scheduler.o
LOAD settings.o
LOAD ui/battery.o
LOAD ui/fmradio.o
LOAD ui/helper.o
LOAD ui/inputbox.o
LOAD ui/main.o
LOAD ui/menu.o
LOAD ui/scanner.o
LOAD ui/status.o
LOAD ui/ui.o
LOAD ui/welcome.o
LOAD version.o
LOAD main.o
START GROUP
LOAD /usr/lib/gcc/arm-none-eabi/14.2.0/thumb/v6-m/nofp/libgcc.a
LOAD /usr/lib/gcc/arm-none-eabi/14.2.0/../../../../arm-none-eabi/lib/thumb/v6-m/nofp/libc_nano.a
END GROUP
START GROUP
LOAD /usr/lib/gcc/arm-none-eabi/14.2.0/thumb/v6-m/nofp/libgcc.a
LOAD /usr/lib/gcc/arm-none-eabi/14.2.0/../../../../arm-none-eabi/lib/thumb/v6-m/nofp/libc_nano.a
END GROUP
OUTPUT(robzyl512k_beta.en.fr elf32-littlearm)
LOAD linker stubs

.ARM.attributes
                0x00000000       0x2d
 .ARM.attributes
                0x00000000       0x21 start.o
 .ARM.attributes
                0x00000021       0x2a /tmp/ccnhgyTU.ltrans0.ltrans.o
 .ARM.attributes
                0x0000004b       0x2a /tmp/ccnhgyTU.ltrans1.ltrans.o
 .ARM.attributes
                0x00000075       0x1e /usr/lib/gcc/arm-none-eabi/14.2.0/thumb/v6-m/nofp/libgcc.a(_thumb1_case_sqi.o)
 .ARM.attributes
                0x00000093       0x1e /usr/lib/gcc/arm-none-eabi/14.2.0/thumb/v6-m/nofp/libgcc.a(_thumb1_case_uqi.o)
 .ARM.attributes
                0x000000b1       0x1e /usr/lib/gcc/arm-none-eabi/14.2.0/thumb/v6-m/nofp/libgcc.a(_thumb1_case_shi.o)
 .ARM.attributes
                0x000000cf       0x1e /usr/lib/gcc/arm-none-eabi/14.2.0/thumb/v6-m/nofp/libgcc.a(_thumb1_case_uhi.o)
 .ARM.attributes
                0x000000ed       0x1e /usr/lib/gcc/arm-none-eabi/14.2.0/thumb/v6-m/nofp/libgcc.a(_udivsi3.o)
 .ARM.attributes
                0x0000010b       0x1e /usr/lib/gcc/arm-none-eabi/14.2.0/thumb/v6-m/nofp/libgcc.a(_divsi3.o)
 .ARM.attributes
                0x00000129       0x1e /usr/lib/gcc/arm-none-eabi/14.2.0/thumb/v6-m/nofp/libgcc.a(_dvmd_tls.o)
 .ARM.attributes
                0x00000147       0x1e /usr/lib/gcc/arm-none-eabi/14.2.0/thumb/v6-m/nofp/libgcc.a(_aeabi_ldivmod.o)
 .ARM.attributes
                0x00000165       0x2c /usr/lib/gcc/arm-none-eabi/14.2.0/thumb/v6-m/nofp/libgcc.a(_muldi3.o)
 .ARM.attributes
                0x00000191       0x2c /usr/lib/gcc/arm-none-eabi/14.2.0/thumb/v6-m/nofp/libgcc.a(bpabi.o)
 .ARM.attributes
                0x000001bd       0x2c /usr/lib/gcc/arm-none-eabi/14.2.0/thumb/v6-m/nofp/libgcc.a(_divdi3.o)
 .ARM.attributes
                0x000001e9       0x1e /usr/lib/gcc/arm-none-eabi/14.2.0/thumb/v6-m/nofp/libgcc.a(_lshrdi3.o)
 .ARM.attributes
                0x00000207       0x1e /usr/lib/gcc/arm-none-eabi/14.2.0/thumb/v6-m/nofp/libgcc.a(_ashldi3.o)
 .ARM.attributes
                0x00000225       0x1e /usr/lib/gcc/arm-none-eabi/14.2.0/thumb/v6-m/nofp/libgcc.a(_clzdi2.o)
 .ARM.attributes
                0x00000243       0x1e /usr/lib/gcc/arm-none-eabi/14.2.0/thumb/v6-m/nofp/libgcc.a(_clzsi2.o)
 .ARM.attributes
                0x00000261       0x2c /usr/lib/gcc/arm-none-eabi/14.2.0/../../../../arm-none-eabi/lib/thumb/v6-m/nofp/libc_nano.a(libc_a-memcmp.o)
 .ARM.attributes
                0x0000028d       0x2c /usr/lib/gcc/arm-none-eabi/14.2.0/../../../../arm-none-eabi/lib/thumb/v6-m/nofp/libc_nano.a(libc_a-memset.o)
 .ARM.attributes
                0x000002b9       0x2c /usr/lib/gcc/arm-none-eabi/14.2.0/../../../../arm-none-eabi/lib/thumb/v6-m/nofp/libc_nano.a(libc_a-strncpy.o)
 .ARM.attributes
                0x000002e5       0x2c /usr/lib/gcc/arm-none-eabi/14.2.0/../../../../arm-none-eabi/lib/thumb/v6-m/nofp/libc_nano.a(libc_a-strcpy.o)
 .ARM.attributes
                0x00000311       0x2c /usr/lib/gcc/arm-none-eabi/14.2.0/../../../../arm-none-eabi/lib/thumb/v6-m/nofp/libc_nano.a(libc_a-memcpy-stub.o)
 .ARM.attributes
                0x0000033d       0x1c /usr/lib/gcc/arm-none-eabi/14.2.0/../../../../arm-none-eabi/lib/thumb/v6-m/nofp/libc_nano.a(libc_a-strlen.o)

.comment        0x00000000       0x1e
 .comment       0x00000000       0x1e /tmp/ccnhgyTU.ltrans0.ltrans.o
                                 0x1f (size before relaxing)
 .comment       0x0000001e       0x1f /tmp/ccnhgyTU.ltrans1.ltrans.o
 .comment       0x0000001e       0x1f /usr/lib/gcc/arm-none-eabi/14.2.0/thumb/v6-m/nofp/libgcc.a(_muldi3.o)
 .comment       0x0000001e       0x1f /usr/lib/gcc/arm-none-eabi/14.2.0/thumb/v6-m/nofp/libgcc.a(bpabi.o)
 .comment       0x0000001e       0x1f /usr/lib/gcc/arm-none-eabi/14.2.0/thumb/v6-m/nofp/libgcc.a(_divdi3.o)
 .comment       0x0000001e       0x1f /usr/lib/gcc/arm-none-eabi/14.2.0/../../../../arm-none-eabi/lib/thumb/v6-m/nofp/libc_nano.a(libc_a-memcmp.o)
 .comment       0x0000001e       0x1f /usr/lib/gcc/arm-none-eabi/14.2.0/../../../../arm-none-eabi/lib/thumb/v6-m/nofp/libc_nano.a(libc_a-memset.o)
 .comment       0x0000001e       0x1f /usr/lib/gcc/arm-none-eabi/14.2.0/../../../../arm-none-eabi/lib/thumb/v6-m/nofp/libc_nano.a(libc_a-strncpy.o)
 .comment       0x0000001e       0x1f /usr/lib/gcc/arm-none-eabi/14.2.0/../../../../arm-none-eabi/lib/thumb/v6-m/nofp/libc_nano.a(libc_a-strcpy.o)
 .comment       0x0000001e       0x1f /usr/lib/gcc/arm-none-eabi/14.2.0/../../../../arm-none-eabi/lib/thumb/v6-m/nofp/libc_nano.a(libc_a-memcpy-stub.o)

.debug_line     0x00000000      0xe06
 .debug_line    0x00000000       0x52 /usr/lib/gcc/arm-none-eabi/14.2.0/thumb/v6-m/nofp/libgcc.a(_thumb1_case_sqi.o)
 .debug_line    0x00000052       0x52 /usr/lib/gcc/arm-none-eabi/14.2.0/thumb/v6-m/nofp/libgcc.a(_thumb1_case_uqi.o)
 .debug_line    0x000000a4       0x53 /usr/lib/gcc/arm-none-eabi/14.2.0/thumb/v6-m/nofp/libgcc.a(_thumb1_case_shi.o)
 .debug_line    0x000000f7       0x53 /usr/lib/gcc/arm-none-eabi/14.2.0/thumb/v6-m/nofp/libgcc.a(_thumb1_case_uhi.o)
 .debug_line    0x0000014a       0x61 /usr/lib/gcc/arm-none-eabi/14.2.0/thumb/v6-m/nofp/libgcc.a(_udivsi3.o)
 .debug_line    0x000001ab       0x6f /usr/lib/gcc/arm-none-eabi/14.2.0/thumb/v6-m/nofp/libgcc.a(_divsi3.o)
 .debug_line    0x0000021a       0x4a /usr/lib/gcc/arm-none-eabi/14.2.0/thumb/v6-m/nofp/libgcc.a(_dvmd_tls.o)
 .debug_line    0x00000264       0x55 /usr/lib/gcc/arm-none-eabi/14.2.0/thumb/v6-m/nofp/libgcc.a(_aeabi_ldivmod.o)
 .debug_line    0x000002b9      0x119 /usr/lib/gcc/arm-none-eabi/14.2.0/thumb/v6-m/nofp/libgcc.a(_muldi3.o)
 .debug_line    0x000003d2       0xa4 /usr/lib/gcc/arm-none-eabi/14.2.0/thumb/v6-m/nofp/libgcc.a(bpabi.o)
 .debug_line    0x00000476      0x1de /usr/lib/gcc/arm-none-eabi/14.2.0/thumb/v6-m/nofp/libgcc.a(_divdi3.o)
 .debug_line    0x00000654       0x55 /usr/lib/gcc/arm-none-eabi/14.2.0/thumb/v6-m/nofp/libgcc.a(_lshrdi3.o)
 .debug_line    0x000006a9       0x55 /usr/lib/gcc/arm-none-eabi/14.2.0/thumb/v6-m/nofp/libgcc.a(_ashldi3.o)
 .debug_line    0x000006fe       0x54 /usr/lib/gcc/arm-none-eabi/14.2.0/thumb/v6-m/nofp/libgcc.a(_clzdi2.o)
 .debug_line    0x00000752       0x5e /usr/lib/gcc/arm-none-eabi/14.2.0/thumb/v6-m/nofp/libgcc.a(_clzsi2.o)
 .debug_line    0x000007b0      0x13a /usr/lib/gcc/arm-none-eabi/14.2.0/../../../../arm-none-eabi/lib/thumb/v6-m/nofp/libc_nano.a(libc_a-memcmp.o)
 .debug_line    0x000008ea      0x11d /usr/lib/gcc/arm-none-eabi/14.2.0/../../../../arm-none-eabi/lib/thumb/v6-m/nofp/libc_nano.a(libc_a-memset.o)
 .debug_line    0x00000a07      0x148 /usr/lib/gcc/arm-none-eabi/14.2.0/../../../../arm-none-eabi/lib/thumb/v6-m/nofp/libc_nano.a(libc_a-strncpy.o)
 .debug_line    0x00000b4f       0xd8 /usr/lib/gcc/arm-none-eabi/14.2.0/../../../../arm-none-eabi/lib/thumb/v6-m/nofp/libc_nano.a(libc_a-strcpy.o)
 .debug_line    0x00000c27      0x190 /usr/lib/gcc/arm-none-eabi/14.2.0/../../../../arm-none-eabi/lib/thumb/v6-m/nofp/libc_nano.a(libc_a-memcpy-stub.o)
 .debug_line    0x00000db7       0x4f /usr/lib/gcc/arm-none-eabi/14.2.0/../../../../arm-none-eabi/lib/thumb/v6-m/nofp/libc_nano.a(libc_a-strlen.o)

.debug_line_str
                0x00000000      0x141
 .debug_line_str
                0x00000000      0x141 /usr/lib/gcc/arm-none-eabi/14.2.0/thumb/v6-m/nofp/libgcc.a(_thumb1_case_sqi.o)
                                 0x92 (size before relaxing)
 .debug_line_str
                0x00000141       0x92 /usr/lib/gcc/arm-none-eabi/14.2.0/thumb/v6-m/nofp/libgcc.a(_thumb1_case_uqi.o)
 .debug_line_str
                0x00000141       0x92 /usr/lib/gcc/arm-none-eabi/14.2.0/thumb/v6-m/nofp/libgcc.a(_thumb1_case_shi.o)
 .debug_line_str
                0x00000141       0x92 /usr/lib/gcc/arm-none-eabi/14.2.0/thumb/v6-m/nofp/libgcc.a(_thumb1_case_uhi.o)
 .debug_line_str
                0x00000141       0x92 /usr/lib/gcc/arm-none-eabi/14.2.0/thumb/v6-m/nofp/libgcc.a(_udivsi3.o)
 .debug_line_str
                0x00000141       0x92 /usr/lib/gcc/arm-none-eabi/14.2.0/thumb/v6-m/nofp/libgcc.a(_divsi3.o)
 .debug_line_str
                0x00000141       0x92 /usr/lib/gcc/arm-none-eabi/14.2.0/thumb/v6-m/nofp/libgcc.a(_dvmd_tls.o)
 .debug_line_str
                0x00000141       0x92 /usr/lib/gcc/arm-none-eabi/14.2.0/thumb/v6-m/nofp/libgcc.a(_aeabi_ldivmod.o)
 .debug_line_str
                0x00000141       0x92 /usr/lib/gcc/arm-none-eabi/14.2.0/thumb/v6-m/nofp/libgcc.a(_lshrdi3.o)
 .debug_line_str
                0x00000141       0x92 /usr/lib/gcc/arm-none-eabi/14.2.0/thumb/v6-m/nofp/libgcc.a(_ashldi3.o)
 .debug_line_str
                0x00000141       0x92 /usr/lib/gcc/arm-none-eabi/14.2.0/thumb/v6-m/nofp/libgcc.a(_clzdi2.o)
 .debug_line_str
                0x00000141       0x92 /usr/lib/gcc/arm-none-eabi/14.2.0/thumb/v6-m/nofp/libgcc.a(_clzsi2.o)
 .debug_line_str
                0x00000141       0xa3 /usr/lib/gcc/arm-none-eabi/14.2.0/../../../../arm-none-eabi/lib/thumb/v6-m/nofp/libc_nano.a(libc_a-strlen.o)

.debug_info     0x00000000     0x11ae
 .debug_info    0x00000000       0x31 /usr/lib/gcc/arm-none-eabi/14.2.0/thumb/v6-m/nofp/libgcc.a(_thumb1_case_sqi.o)
 .debug_info    0x00000031       0x31 /usr/lib/gcc/arm-none-eabi/14.2.0/thumb/v6-m/nofp/libgcc.a(_thumb1_case_uqi.o)
 .debug_info    0x00000062       0x31 /usr/lib/gcc/arm-none-eabi/14.2.0/thumb/v6-m/nofp/libgcc.a(_thumb1_case_shi.o)
 .debug_info    0x00000093       0x31 /usr/lib/gcc/arm-none-eabi/14.2.0/thumb/v6-m/nofp/libgcc.a(_thumb1_case_uhi.o)
 .debug_info    0x000000c4       0x3d /usr/lib/gcc/arm-none-eabi/14.2.0/thumb/v6-m/nofp/libgcc.a(_udivsi3.o)
 .debug_info    0x00000101       0x3e /usr/lib/gcc/arm-none-eabi/14.2.0/thumb/v6-m/nofp/libgcc.a(_divsi3.o)
 .debug_info    0x0000013f       0x3c /usr/lib/gcc/arm-none-eabi/14.2.0/thumb/v6-m/nofp/libgcc.a(_dvmd_tls.o)
 .debug_info    0x0000017b       0x31 /usr/lib/gcc/arm-none-eabi/14.2.0/thumb/v6-m/nofp/libgcc.a(_aeabi_ldivmod.o)
 .debug_info    0x000001ac      0x42c /usr/lib/gcc/arm-none-eabi/14.2.0/thumb/v6-m/nofp/libgcc.a(_muldi3.o)
 .debug_info    0x000005d8       0xf0 /usr/lib/gcc/arm-none-eabi/14.2.0/thumb/v6-m/nofp/libgcc.a(bpabi.o)
 .debug_info    0x000006c8      0x515 /usr/lib/gcc/arm-none-eabi/14.2.0/thumb/v6-m/nofp/libgcc.a(_divdi3.o)
 .debug_info    0x00000bdd       0x3c /usr/lib/gcc/arm-none-eabi/14.2.0/thumb/v6-m/nofp/libgcc.a(_lshrdi3.o)
 .debug_info    0x00000c19       0x3c /usr/lib/gcc/arm-none-eabi/14.2.0/thumb/v6-m/nofp/libgcc.a(_ashldi3.o)
 .debug_info    0x00000c55       0x24 /usr/lib/gcc/arm-none-eabi/14.2.0/thumb/v6-m/nofp/libgcc.a(_clzdi2.o)
 .debug_info    0x00000c79       0x31 /usr/lib/gcc/arm-none-eabi/14.2.0/thumb/v6-m/nofp/libgcc.a(_clzsi2.o)
 .debug_info    0x00000caa      0x104 /usr/lib/gcc/arm-none-eabi/14.2.0/../../../../arm-none-eabi/lib/thumb/v6-m/nofp/libc_nano.a(libc_a-memcmp.o)
 .debug_info    0x00000dae       0xe0 /usr/lib/gcc/arm-none-eabi/14.2.0/../../../../arm-none-eabi/lib/thumb/v6-m/nofp/libc_nano.a(libc_a-memset.o)
 .debug_info    0x00000e8e      0x111 /usr/lib/gcc/arm-none-eabi/14.2.0/../../../../arm-none-eabi/lib/thumb/v6-m/nofp/libc_nano.a(libc_a-strncpy.o)
 .debug_info    0x00000f9f       0xc3 /usr/lib/gcc/arm-none-eabi/14.2.0/../../../../arm-none-eabi/lib/thumb/v6-m/nofp/libc_nano.a(libc_a-strcpy.o)
 .debug_info    0x00001062      0x11b /usr/lib/gcc/arm-none-eabi/14.2.0/../../../../arm-none-eabi/lib/thumb/v6-m/nofp/libc_nano.a(libc_a-memcpy-stub.o)
 .debug_info    0x0000117d       0x31 /usr/lib/gcc/arm-none-eabi/14.2.0/../../../../arm-none-eabi/lib/thumb/v6-m/nofp/libc_nano.a(libc_a-strlen.o)

.debug_abbrev   0x00000000      0x8ea
 .debug_abbrev  0x00000000       0x28 /usr/lib/gcc/arm-none-eabi/14.2.0/thumb/v6-m/nofp/libgcc.a(_thumb1_case_sqi.o)
 .debug_abbrev  0x00000028       0x28 /usr/lib/gcc/arm-none-eabi/14.2.0/thumb/v6-m/nofp/libgcc.a(_thumb1_case_uqi.o)
 .debug_abbrev  0x00000050       0x28 /usr/lib/gcc/arm-none-eabi/14.2.0/thumb/v6-m/nofp/libgcc.a(_thumb1_case_shi.o)
 .debug_abbrev  0x00000078       0x28 /usr/lib/gcc/arm-none-eabi/14.2.0/thumb/v6-m/nofp/libgcc.a(_thumb1_case_uhi.o)
 .debug_abbrev  0x000000a0       0x28 /usr/lib/gcc/arm-none-eabi/14.2.0/thumb/v6-m/nofp/libgcc.a(_udivsi3.o)
 .debug_abbrev  0x000000c8       0x28 /usr/lib/gcc/arm-none-eabi/14.2.0/thumb/v6-m/nofp/libgcc.a(_divsi3.o)
 .debug_abbrev  0x000000f0       0x26 /usr/lib/gcc/arm-none-eabi/14.2.0/thumb/v6-m/nofp/libgcc.a(_dvmd_tls.o)
 .debug_abbrev  0x00000116       0x28 /usr/lib/gcc/arm-none-eabi/14.2.0/thumb/v6-m/nofp/libgcc.a(_aeabi_ldivmod.o)
 .debug_abbrev  0x0000013e      0x163 /usr/lib/gcc/arm-none-eabi/14.2.0/thumb/v6-m/nofp/libgcc.a(_muldi3.o)
 .debug_abbrev  0x000002a1       0xc8 /usr/lib/gcc/arm-none-eabi/14.2.0/thumb/v6-m/nofp/libgcc.a(bpabi.o)
 .debug_abbrev  0x00000369      0x1bc /usr/lib/gcc/arm-none-eabi/14.2.0/thumb/v6-m/nofp/libgcc.a(_divdi3.o)
 .debug_abbrev  0x00000525       0x28 /usr/lib/gcc/arm-none-eabi/14.2.0/thumb/v6-m/nofp/libgcc.a(_lshrdi3.o)
 .debug_abbrev  0x0000054d       0x28 /usr/lib/gcc/arm-none-eabi/14.2.0/thumb/v6-m/nofp/libgcc.a(_ashldi3.o)
 .debug_abbrev  0x00000575       0x14 /usr/lib/gcc/arm-none-eabi/14.2.0/thumb/v6-m/nofp/libgcc.a(_clzdi2.o)
 .debug_abbrev  0x00000589       0x28 /usr/lib/gcc/arm-none-eabi/14.2.0/thumb/v6-m/nofp/libgcc.a(_clzsi2.o)
 .debug_abbrev  0x000005b1       0x90 /usr/lib/gcc/arm-none-eabi/14.2.0/../../../../arm-none-eabi/lib/thumb/v6-m/nofp/libc_nano.a(libc_a-memcmp.o)
 .debug_abbrev  0x00000641       0x9e /usr/lib/gcc/arm-none-eabi/14.2.0/../../../../arm-none-eabi/lib/thumb/v6-m/nofp/libc_nano.a(libc_a-memset.o)
 .debug_abbrev  0x000006df       0xa7 /usr/lib/gcc/arm-none-eabi/14.2.0/../../../../arm-none-eabi/lib/thumb/v6-m/nofp/libc_nano.a(libc_a-strncpy.o)
 .debug_abbrev  0x00000786       0x7b /usr/lib/gcc/arm-none-eabi/14.2.0/../../../../arm-none-eabi/lib/thumb/v6-m/nofp/libc_nano.a(libc_a-strcpy.o)
 .debug_abbrev  0x00000801       0xc1 /usr/lib/gcc/arm-none-eabi/14.2.0/../../../../arm-none-eabi/lib/thumb/v6-m/nofp/libc_nano.a(libc_a-memcpy-stub.o)
 .debug_abbrev  0x000008c2       0x28 /usr/lib/gcc/arm-none-eabi/14.2.0/../../../../arm-none-eabi/lib/thumb/v6-m/nofp/libc_nano.a(libc_a-strlen.o)

.debug_aranges  0x00000000      0x2a0
 .debug_aranges
                0x00000000       0x20 /usr/lib/gcc/arm-none-eabi/14.2.0/thumb/v6-m/nofp/libgcc.a(_thumb1_case_sqi.o)
 .debug_aranges
                0x00000020       0x20 /usr/lib/gcc/arm-none-eabi/14.2.0/thumb/v6-m/nofp/libgcc.a(_thumb1_case_uqi.o)
 .debug_aranges
                0x00000040       0x20 /usr/lib/gcc/arm-none-eabi/14.2.0/thumb/v6-m/nofp/libgcc.a(_thumb1_case_shi.o)
 .debug_aranges
                0x00000060       0x20 /usr/lib/gcc/arm-none-eabi/14.2.0/thumb/v6-m/nofp/libgcc.a(_thumb1_case_uhi.o)
 .debug_aranges
                0x00000080       0x20 /usr/lib/gcc/arm-none-eabi/14.2.0/thumb/v6-m/nofp/libgcc.a(_udivsi3.o)
 .debug_aranges
                0x000000a0       0x20 /usr/lib/gcc/arm-none-eabi/14.2.0/thumb/v6-m/nofp/libgcc.a(_divsi3.o)
 .debug_aranges
                0x000000c0       0x20 /usr/lib/gcc/arm-none-eabi/14.2.0/thumb/v6-m/nofp/libgcc.a(_dvmd_tls.o)
 .debug_aranges
                0x000000e0       0x20 /usr/lib/gcc/arm-none-eabi/14.2.0/thumb/v6-m/nofp/libgcc.a(_aeabi_ldivmod.o)
 .debug_aranges
                0x00000100       0x20 /usr/lib/gcc/arm-none-eabi/14.2.0/thumb/v6-m/nofp/libgcc.a(_muldi3.o)
 .debug_aranges
                0x00000120       0x20 /usr/lib/gcc/arm-none-eabi/14.2.0/thumb/v6-m/nofp/libgcc.a(bpabi.o)
 .debug_aranges
                0x00000140       0x20 /usr/lib/gcc/arm-none-eabi/14.2.0/thumb/v6-m/nofp/libgcc.a(_divdi3.o)
 .debug_aranges
                0x00000160       0x20 /usr/lib/gcc/arm-none-eabi/14.2.0/thumb/v6-m/nofp/libgcc.a(_lshrdi3.o)
 .debug_aranges
                0x00000180       0x20 /usr/lib/gcc/arm-none-eabi/14.2.0/thumb/v6-m/nofp/libgcc.a(_ashldi3.o)
 .debug_aranges
                0x000001a0       0x20 /usr/lib/gcc/arm-none-eabi/14.2.0/thumb/v6-m/nofp/libgcc.a(_clzdi2.o)
 .debug_aranges
                0x000001c0       0x20 /usr/lib/gcc/arm-none-eabi/14.2.0/thumb/v6-m/nofp/libgcc.a(_clzsi2.o)
 .debug_aranges
                0x000001e0       0x20 /usr/lib/gcc/arm-none-eabi/14.2.0/../../../../arm-none-eabi/lib/thumb/v6-m/nofp/libc_nano.a(libc_a-memcmp.o)
 .debug_aranges
                0x00000200       0x20 /usr/lib/gcc/arm-none-eabi/14.2.0/../../../../arm-none-eabi/lib/thumb/v6-m/nofp/libc_nano.a(libc_a-memset.o)
 .debug_aranges
                0x00000220       0x20 /usr/lib/gcc/arm-none-eabi/14.2.0/../../../../arm-none-eabi/lib/thumb/v6-m/nofp/libc_nano.a(libc_a-strncpy.o)
 .debug_aranges
                0x00000240       0x20 /usr/lib/gcc/arm-none-eabi/14.2.0/../../../../arm-none-eabi/lib/thumb/v6-m/nofp/libc_nano.a(libc_a-strcpy.o)
 .debug_aranges
                0x00000260       0x20 /usr/lib/gcc/arm-none-eabi/14.2.0/../../../../arm-none-eabi/lib/thumb/v6-m/nofp/libc_nano.a(libc_a-memcpy-stub.o)
 .debug_aranges
                0x00000280       0x20 /usr/lib/gcc/arm-none-eabi/14.2.0/../../../../arm-none-eabi/lib/thumb/v6-m/nofp/libc_nano.a(libc_a-strlen.o)

.debug_str      0x00000000      0xc11
 .debug_str     0x00000000      0xc11 /usr/lib/gcc/arm-none-eabi/14.2.0/thumb/v6-m/nofp/libgcc.a(_thumb1_case_sqi.o)
                                 0xb4 (size before relaxing)
 .debug_str     0x00000c11       0xb4 /usr/lib/gcc/arm-none-eabi/14.2.0/thumb/v6-m/nofp/libgcc.a(_thumb1_case_uqi.o)
 .debug_str     0x00000c11       0xb4 /usr/lib/gcc/arm-none-eabi/14.2.0/thumb/v6-m/nofp/libgcc.a(_thumb1_case_shi.o)
 .debug_str     0x00000c11       0xb4 /usr/lib/gcc/arm-none-eabi/14.2.0/thumb/v6-m/nofp/libgcc.a(_thumb1_case_uhi.o)
 .debug_str     0x00000c11       0xb9 /usr/lib/gcc/arm-none-eabi/14.2.0/thumb/v6-m/nofp/libgcc.a(_udivsi3.o)
 .debug_str     0x00000c11       0xb7 /usr/lib/gcc/arm-none-eabi/14.2.0/thumb/v6-m/nofp/libgcc.a(_divsi3.o)
 .debug_str     0x00000c11       0xba /usr/lib/gcc/arm-none-eabi/14.2.0/thumb/v6-m/nofp/libgcc.a(_dvmd_tls.o)
 .debug_str     0x00000c11       0xae /usr/lib/gcc/arm-none-eabi/14.2.0/thumb/v6-m/nofp/libgcc.a(_aeabi_ldivmod.o)
 .debug_str     0x00000c11      0x69b /usr/lib/gcc/arm-none-eabi/14.2.0/thumb/v6-m/nofp/libgcc.a(_muldi3.o)
 .debug_str     0x00000c11      0x1a9 /usr/lib/gcc/arm-none-eabi/14.2.0/thumb/v6-m/nofp/libgcc.a(bpabi.o)
 .debug_str     0x00000c11      0x6b8 /usr/lib/gcc/arm-none-eabi/14.2.0/thumb/v6-m/nofp/libgcc.a(_divdi3.o)
 .debug_str     0x00000c11       0xb5 /usr/lib/gcc/arm-none-eabi/14.2.0/thumb/v6-m/nofp/libgcc.a(_lshrdi3.o)
 .debug_str     0x00000c11       0xb5 /usr/lib/gcc/arm-none-eabi/14.2.0/thumb/v6-m/nofp/libgcc.a(_ashldi3.o)
 .debug_str     0x00000c11       0x9e /usr/lib/gcc/arm-none-eabi/14.2.0/thumb/v6-m/nofp/libgcc.a(_clzdi2.o)
 .debug_str     0x00000c11       0xa7 /usr/lib/gcc/arm-none-eabi/14.2.0/thumb/v6-m/nofp/libgcc.a(_clzsi2.o)
 .debug_str     0x00000c11      0x1b8 /usr/lib/gcc/arm-none-eabi/14.2.0/../../../../arm-none-eabi/lib/thumb/v6-m/nofp/libc_nano.a(libc_a-memcmp.o)
 .debug_str     0x00000c11      0x1b8 /usr/lib/gcc/arm-none-eabi/14.2.0/../../../../arm-none-eabi/lib/thumb/v6-m/nofp/libc_nano.a(libc_a-memset.o)
 .debug_str     0x00000c11      0x1d6 /usr/lib/gcc/arm-none-eabi/14.2.0/../../../../arm-none-eabi/lib/thumb/v6-m/nofp/libc_nano.a(libc_a-strncpy.o)
 .debug_str     0x00000c11      0x1b6 /usr/lib/gcc/arm-none-eabi/14.2.0/../../../../arm-none-eabi/lib/thumb/v6-m/nofp/libc_nano.a(libc_a-strcpy.o)
 .debug_str     0x00000c11      0x1d6 /usr/lib/gcc/arm-none-eabi/14.2.0/../../../../arm-none-eabi/lib/thumb/v6-m/nofp/libc_nano.a(libc_a-memcpy-stub.o)
 .debug_str     0x00000c11       0xb6 /usr/lib/gcc/arm-none-eabi/14.2.0/../../../../arm-none-eabi/lib/thumb/v6-m/nofp/libc_nano.a(libc_a-strlen.o)

.debug_frame    0x00000000      0x198
 .debug_frame   0x00000000       0x20 /usr/lib/gcc/arm-none-eabi/14.2.0/thumb/v6-m/nofp/libgcc.a(_udivsi3.o)
 .debug_frame   0x00000020       0x20 /usr/lib/gcc/arm-none-eabi/14.2.0/thumb/v6-m/nofp/libgcc.a(_divsi3.o)
 .debug_frame   0x00000040       0x34 /usr/lib/gcc/arm-none-eabi/14.2.0/thumb/v6-m/nofp/libgcc.a(_muldi3.o)
 .debug_frame   0x00000074       0x34 /usr/lib/gcc/arm-none-eabi/14.2.0/thumb/v6-m/nofp/libgcc.a(bpabi.o)
 .debug_frame   0x000000a8       0x30 /usr/lib/gcc/arm-none-eabi/14.2.0/thumb/v6-m/nofp/libgcc.a(_divdi3.o)
 .debug_frame   0x000000d8       0x2c /usr/lib/gcc/arm-none-eabi/14.2.0/../../../../arm-none-eabi/lib/thumb/v6-m/nofp/libc_nano.a(libc_a-memcmp.o)
 .debug_frame   0x00000104       0x20 /usr/lib/gcc/arm-none-eabi/14.2.0/../../../../arm-none-eabi/lib/thumb/v6-m/nofp/libc_nano.a(libc_a-memset.o)
 .debug_frame   0x00000124       0x2c /usr/lib/gcc/arm-none-eabi/14.2.0/../../../../arm-none-eabi/lib/thumb/v6-m/nofp/libc_nano.a(libc_a-strncpy.o)
 .debug_frame   0x00000150       0x20 /usr/lib/gcc/arm-none-eabi/14.2.0/../../../../arm-none-eabi/lib/thumb/v6-m/nofp/libc_nano.a(libc_a-strcpy.o)
 .debug_frame   0x00000170       0x28 /usr/lib/gcc/arm-none-eabi/14.2.0/../../../../arm-none-eabi/lib/thumb/v6-m/nofp/libc_nano.a(libc_a-memcpy-stub.o)

.debug_loclists
                0x00000000      0x68a
 .debug_loclists
                0x00000000       0xaf /usr/lib/gcc/arm-none-eabi/14.2.0/thumb/v6-m/nofp/libgcc.a(_muldi3.o)
 .debug_loclists
                0x000000af       0x8d /usr/lib/gcc/arm-none-eabi/14.2.0/thumb/v6-m/nofp/libgcc.a(bpabi.o)
 .debug_loclists
                0x0000013c      0x212 /usr/lib/gcc/arm-none-eabi/14.2.0/thumb/v6-m/nofp/libgcc.a(_divdi3.o)
 .debug_loclists
                0x0000034e       0xf5 /usr/lib/gcc/arm-none-eabi/14.2.0/../../../../arm-none-eabi/lib/thumb/v6-m/nofp/libc_nano.a(libc_a-memcmp.o)
 .debug_loclists
                0x00000443       0x80 /usr/lib/gcc/arm-none-eabi/14.2.0/../../../../arm-none-eabi/lib/thumb/v6-m/nofp/libc_nano.a(libc_a-memset.o)
 .debug_loclists
                0x000004c3       0xef /usr/lib/gcc/arm-none-eabi/14.2.0/../../../../arm-none-eabi/lib/thumb/v6-m/nofp/libc_nano.a(libc_a-strncpy.o)
 .debug_loclists
                0x000005b2       0x29 /usr/lib/gcc/arm-none-eabi/14.2.0/../../../../arm-none-eabi/lib/thumb/v6-m/nofp/libc_nano.a(libc_a-strcpy.o)
 .debug_loclists
                0x000005db       0xaf /usr/lib/gcc/arm-none-eabi/14.2.0/../../../../arm-none-eabi/lib/thumb/v6-m/nofp/libc_nano.a(libc_a-memcpy-stub.o)

.debug_rnglists
                0x00000000       0xc3
 .debug_rnglists
                0x00000000       0x2b /usr/lib/gcc/arm-none-eabi/14.2.0/thumb/v6-m/nofp/libgcc.a(_muldi3.o)
 .debug_rnglists
                0x0000002b       0x13 /usr/lib/gcc/arm-none-eabi/14.2.0/thumb/v6-m/nofp/libgcc.a(bpabi.o)
 .debug_rnglists
                0x0000003e       0x26 /usr/lib/gcc/arm-none-eabi/14.2.0/thumb/v6-m/nofp/libgcc.a(_divdi3.o)
 .debug_rnglists
                0x00000064       0x13 /usr/lib/gcc/arm-none-eabi/14.2.0/../../../../arm-none-eabi/lib/thumb/v6-m/nofp/libc_nano.a(libc_a-memcmp.o)
 .debug_rnglists
                0x00000077       0x13 /usr/lib/gcc/arm-none-eabi/14.2.0/../../../../arm-none-eabi/lib/thumb/v6-m/nofp/libc_nano.a(libc_a-memset.o)
 .debug_rnglists
                0x0000008a       0x13 /usr/lib/gcc/arm-none-eabi/14.2.0/../../../../arm-none-eabi/lib/thumb/v6-m/nofp/libc_nano.a(libc_a-strncpy.o)
 .debug_rnglists
                0x0000009d       0x13 /usr/lib/gcc/arm-none-eabi/14.2.0/../../../../arm-none-eabi/lib/thumb/v6-m/nofp/libc_nano.a(libc_a-strcpy.o)
 .debug_rnglists
                0x000000b0       0x13 /usr/lib/gcc/arm-none-eabi/14.2.0/../../../../arm-none-eabi/lib/thumb/v6-m/nofp/libc_nano.a(libc_a-memcpy-stub.o)
